#
# There is insufficient memory for the Java Runtime Environment to continue.
# Native memory allocation (malloc) failed to allocate 1317136 bytes. Error detail: Chunk::new
# Possible reasons:
#   The system is out of physical RAM or swap space
#   This process is running with CompressedOops enabled, and the Java Heap may be blocking the growth of the native heap
# Possible solutions:
#   Reduce memory load on the system
#   Increase physical memory or swap space
#   Check if swap backing store is full
#   Decrease Java heap size (-Xmx/-Xms)
#   Decrease number of Java threads
#   Decrease Java thread stack sizes (-Xss)
#   Set larger code cache with -XX:ReservedCodeCacheSize=
#   JVM is running with Zero Based Compressed Oops mode in which the Java heap is
#     placed in the first 32GB address space. The Java Heap base address is the
#     maximum limit for the native heap growth. Please use -XX:HeapBaseMinAddress
#     to set the Java Heap base and to place the Java Heap above 32GB virtual address.
# This output file may be truncated or incomplete.
#
#  Out of Memory Error (arena.cpp:191), pid=13896, tid=20388
#
# JRE version: OpenJDK Runtime Environment Temurin-17.0.14+7 (17.0.14+7) (build 17.0.14+7)
# Java VM: OpenJDK 64-Bit Server VM Temurin-17.0.14+7 (17.0.14+7, mixed mode, sharing, tiered, compressed oops, compressed class ptrs, g1 gc, windows-amd64)
# No core dump will be written. Minidumps are not enabled by default on client versions of Windows
#

---------------  S U M M A R Y ------------

Command Line: -XX:MaxMetaspaceSize=2G -XX:+HeapDumpOnOutOfMemoryError --add-opens=java.base/java.util=ALL-UNNAMED --add-opens=java.base/java.lang=ALL-UNNAMED --add-opens=java.base/java.lang.invoke=ALL-UNNAMED --add-opens=java.prefs/java.util.prefs=ALL-UNNAMED --add-opens=java.base/java.nio.charset=ALL-UNNAMED --add-opens=java.base/java.net=ALL-UNNAMED --add-opens=java.base/java.util.concurrent.atomic=ALL-UNNAMED -Xmx4G -Dfile.encoding=utf8 -Duser.country=ID -Duser.language=en -Duser.variant -javaagent:C:\Users\User\.gradle\wrapper\dists\gradle-8.4-bin\1w5dpkrfk8irigvoxmyhowfim\gradle-8.4\lib\agents\gradle-instrumentation-agent-8.4.jar org.gradle.launcher.daemon.bootstrap.GradleDaemon 8.4

Host: Intel(R) Core(TM) i5-8265U CPU @ 1.60GHz, 8 cores, 7G,  Windows 11 , 64 bit Build 26100 (10.0.26100.3624)
Time: Wed Apr  9 04:19:01 2025 SE Asia Standard Time elapsed time: 153.571906 seconds (0d 0h 2m 33s)

---------------  T H R E A D  ---------------

Current thread (0x00000282fb41a740):  JavaThread "C2 CompilerThread1" daemon [_thread_in_native, id=20388, stack(0x000000d27a800000,0x000000d27a900000)]


Current CompileTask:
C2: 153572 14920       4       org.gradle.internal.component.model.DefaultAttributeMatcher::matches (169 bytes)

Stack: [0x000000d27a800000,0x000000d27a900000]
Native frames: (J=compiled Java code, j=interpreted, Vv=VM code, C=native code)
V  [jvm.dll+0x682eb9]
V  [jvm.dll+0x8399c8]
V  [jvm.dll+0x83b473]
V  [jvm.dll+0x83bae3]
V  [jvm.dll+0x24715f]
V  [jvm.dll+0xace44]
V  [jvm.dll+0xad4dc]
V  [jvm.dll+0x365b0f]
V  [jvm.dll+0x32fd58]
V  [jvm.dll+0x32f1da]
V  [jvm.dll+0x21814f]
V  [jvm.dll+0x21758f]
V  [jvm.dll+0x1a3150]
V  [jvm.dll+0x22799c]
V  [jvm.dll+0x225afb]
V  [jvm.dll+0x7ef128]
V  [jvm.dll+0x7e948c]
V  [jvm.dll+0x681d97]
C  [ucrtbase.dll+0x37b0]
C  [KERNEL32.DLL+0x2e8d7]
C  [ntdll.dll+0xb14fc]


---------------  P R O C E S S  ---------------

Threads class SMR info:
_java_thread_list=0x00000282c280f2f0, length=147, elements={
0x00000282d326c2e0, 0x00000282f6b07db0, 0x00000282f6b08970, 0x00000282f6b1eb00,
0x00000282f6b1f3d0, 0x00000282f6b1fca0, 0x00000282f6b21670, 0x00000282f6b244c0,
0x00000282f6b2ef90, 0x00000282fb04a080, 0x00000282f6aee8f0, 0x00000282fb1a5840,
0x00000282fc01e110, 0x00000282fbfa8310, 0x00000282fb126a80, 0x00000282fc70ac70,
0x00000282fbd56020, 0x00000282fbb43db0, 0x00000282fc192240, 0x00000282fc7c7ea0,
0x00000282fc7ca210, 0x00000282fc7c97f0, 0x00000282fc7c9d00, 0x00000282fc7c8dd0,
0x00000282fc7cac30, 0x00000282fc7c7480, 0x00000282fc7c88c0, 0x00000282fc7c92e0,
0x00000282fc7c7990, 0x00000282fc060460, 0x00000282fc05f020, 0x00000282fc060970,
0x00000282fc061390, 0x00000282fc0618a0, 0x00000282fc0627d0, 0x00000282fc062ce0,
0x00000282fc05f530, 0x00000282fc05ff50, 0x00000282fc0631f0, 0x00000282fc05fa40,
0x00000282fc065560, 0x00000282fc065a70, 0x00000282fc064630, 0x00000282fc065f80,
0x00000282fc063700, 0x00000282fc066490, 0x00000282fc0669a0, 0x00000282fc063c10,
0x00000282fc064120, 0x00000282fc064b40, 0x00000282fe7f95f0, 0x00000282fe7f6860,
0x00000282fe7f7280, 0x00000282fe7f8bd0, 0x00000282fe7f90e0, 0x00000282fe7f5e40,
0x00000282fe7fd2b0, 0x00000282fe7faf40, 0x00000282fe7fb960, 0x00000282fe7fb450,
0x00000282fe7f9b00, 0x00000282fe7faa30, 0x00000282fe7fbe70, 0x00000282fe7fd7c0,
0x00000282fe7fc380, 0x00000282fe7fa010, 0x00000282fe7fc890, 0x00000282fe7fcda0,
0x00000282fe7fa520, 0x00000282c18c3380, 0x00000282c18c47c0, 0x00000282c18c3890,
0x00000282c18c3da0, 0x00000282c18c42b0, 0x00000282c18c2450, 0x00000282c18c1f40,
0x00000282c18c4cd0, 0x00000282c18c2e70, 0x00000282c18c2960, 0x00000282c18c51e0,
0x00000282c18c1a30, 0x00000282fe6e2760, 0x00000282fe6e1320, 0x00000282fe6e0e10,
0x00000282fe6e1830, 0x00000282fe6e1d40, 0x00000282fe6e2250, 0x00000282fe6e2c70,
0x00000282fe6df9d0, 0x00000282fe6e3ba0, 0x00000282fe6e3690, 0x00000282fe6e03f0,
0x00000282fe6e45c0, 0x00000282fe6e6420, 0x00000282fe6e6e40, 0x00000282fe6e7350,
0x00000282fe6e40b0, 0x00000282fd13ebe0, 0x00000282fd142390, 0x00000282fd140020,
0x00000282fd1428a0, 0x00000282fd140a40, 0x00000282fd13f600, 0x00000282fd140f50,
0x00000282fd141970, 0x00000282fd13fb10, 0x00000282fd141460, 0x00000282fd13f0f0,
0x00000282fd1432c0, 0x00000282fd143ce0, 0x00000282fd1441f0, 0x00000282fd141e80,
0x00000282fe6e4ad0, 0x00000282fe6e4fe0, 0x00000282fe6e5f10, 0x00000282fe6e6930,
0x00000282fc7ca720, 0x00000282c2ae6ee0, 0x00000282c2ae64c0, 0x00000282c2aeb5c0,
0x00000282c2ae8320, 0x00000282c2ae8830, 0x00000282c2ae7e10, 0x00000282c2aebad0,
0x00000282c2aec4f0, 0x00000282c2aed420, 0x00000282c2aecf10, 0x00000282c2aeca00,
0x00000282fe6e54f0, 0x00000282fc7c83b0, 0x00000282fe78eb30, 0x00000282fe78c7c0,
0x00000282fe78dc00, 0x00000282fb41a740, 0x00000282fe78d1e0, 0x00000282fe78e110,
0x00000282fe78ccd0, 0x00000282fe78e620, 0x00000282fe78f040, 0x00000282fe78ff70,
0x00000282fe78f550, 0x00000282fe790990, 0x00000282fe790ea0, 0x00000282fe78d6f0,
0x00000282fe794140, 0x00000282fe791dd0, 0x00000282c32957f0
}

Java Threads: ( => current thread )
  0x00000282d326c2e0 JavaThread "main" [_thread_blocked, id=5892, stack(0x000000d271b00000,0x000000d271c00000)]
  0x00000282f6b07db0 JavaThread "Reference Handler" daemon [_thread_blocked, id=23168, stack(0x000000d272200000,0x000000d272300000)]
  0x00000282f6b08970 JavaThread "Finalizer" daemon [_thread_blocked, id=4032, stack(0x000000d272300000,0x000000d272400000)]
  0x00000282f6b1eb00 JavaThread "Signal Dispatcher" daemon [_thread_blocked, id=21812, stack(0x000000d272400000,0x000000d272500000)]
  0x00000282f6b1f3d0 JavaThread "Attach Listener" daemon [_thread_blocked, id=25440, stack(0x000000d272500000,0x000000d272600000)]
  0x00000282f6b1fca0 JavaThread "Service Thread" daemon [_thread_blocked, id=23336, stack(0x000000d272600000,0x000000d272700000)]
  0x00000282f6b21670 JavaThread "Monitor Deflation Thread" daemon [_thread_blocked, id=4784, stack(0x000000d272700000,0x000000d272800000)]
  0x00000282f6b244c0 JavaThread "C2 CompilerThread0" daemon [_thread_blocked, id=16036, stack(0x000000d272800000,0x000000d272900000)]
  0x00000282f6b2ef90 JavaThread "C1 CompilerThread0" daemon [_thread_blocked, id=29676, stack(0x000000d272900000,0x000000d272a00000)]
  0x00000282fb04a080 JavaThread "Sweeper thread" daemon [_thread_blocked, id=22704, stack(0x000000d272a00000,0x000000d272b00000)]
  0x00000282f6aee8f0 JavaThread "Common-Cleaner" daemon [_thread_blocked, id=17916, stack(0x000000d272b00000,0x000000d272c00000)]
  0x00000282fb1a5840 JavaThread "Notification Thread" daemon [_thread_blocked, id=28148, stack(0x000000d272c00000,0x000000d272d00000)]
  0x00000282fc01e110 JavaThread "Daemon health stats" [_thread_blocked, id=17560, stack(0x000000d273200000,0x000000d273300000)]
  0x00000282fbfa8310 JavaThread "Incoming local TCP Connector on port 55220" [_thread_in_native, id=28860, stack(0x000000d273300000,0x000000d273400000)]
  0x00000282fb126a80 JavaThread "Daemon periodic checks" [_thread_blocked, id=23808, stack(0x000000d273400000,0x000000d273500000)]
  0x00000282fc70ac70 JavaThread "Daemon" [_thread_blocked, id=21076, stack(0x000000d273500000,0x000000d273600000)]
  0x00000282fbd56020 JavaThread "Handler for socket connection from /127.0.0.1:55220 to /127.0.0.1:55223" [_thread_in_native, id=19176, stack(0x000000d273600000,0x000000d273700000)]
  0x00000282fbb43db0 JavaThread "Cancel handler" [_thread_blocked, id=15056, stack(0x000000d273700000,0x000000d273800000)]
  0x00000282fc192240 JavaThread "Daemon worker" [_thread_in_Java, id=28760, stack(0x000000d273800000,0x000000d273900000)]
  0x00000282fc7c7ea0 JavaThread "Asynchronous log dispatcher for DefaultDaemonConnection: socket connection from /127.0.0.1:55220 to /127.0.0.1:55223" [_thread_blocked, id=3344, stack(0x000000d273900000,0x000000d273a00000)]
  0x00000282fc7ca210 JavaThread "Daemon client event forwarder" [_thread_blocked, id=17936, stack(0x000000d273b00000,0x000000d273c00000)]
  0x00000282fc7c97f0 JavaThread "Cache worker for journal cache (C:\Users\User\.gradle\caches\journal-1)" [_thread_blocked, id=20284, stack(0x000000d273c00000,0x000000d273d00000)]
  0x00000282fc7c9d00 JavaThread "File lock request listener" [_thread_in_native, id=20356, stack(0x000000d273d00000,0x000000d273e00000)]
  0x00000282fc7c8dd0 JavaThread "Cache worker for file hash cache (C:\Users\User\.gradle\caches\8.4\fileHashes)" [_thread_blocked, id=22272, stack(0x000000d274100000,0x000000d274200000)]
  0x00000282fc7cac30 JavaThread "File watcher server" daemon [_thread_in_native, id=24656, stack(0x000000d274200000,0x000000d274300000)]
  0x00000282fc7c7480 JavaThread "File watcher consumer" daemon [_thread_blocked, id=808, stack(0x000000d274300000,0x000000d274400000)]
  0x00000282fc7c88c0 JavaThread "Cache worker for checksums cache (C:\Users\User\Documents\MILY\app\fe_chatbot\android\.gradle\8.4\checksums)" [_thread_blocked, id=19340, stack(0x000000d274500000,0x000000d274600000)]
  0x00000282fc7c92e0 JavaThread "Cache worker for file hash cache (C:\Users\User\Documents\MILY\app\fe_chatbot\android\.gradle\8.4\fileHashes)" [_thread_blocked, id=29076, stack(0x000000d274600000,0x000000d274700000)]
  0x00000282fc7c7990 JavaThread "Cache worker for cache directory md-supplier (C:\Users\User\.gradle\caches\8.4\md-supplier)" [_thread_blocked, id=23004, stack(0x000000d274700000,0x000000d274800000)]
  0x00000282fc060460 JavaThread "Cache worker for file content cache (C:\Users\User\.gradle\caches\8.4\fileContent)" [_thread_blocked, id=5040, stack(0x000000d274800000,0x000000d274900000)]
  0x00000282fc05f020 JavaThread "Cache worker for cache directory md-rule (C:\Users\User\.gradle\caches\8.4\md-rule)" [_thread_blocked, id=13992, stack(0x000000d274900000,0x000000d274a00000)]
  0x00000282fc060970 JavaThread "Cache worker for execution history cache (C:\Users\User\.gradle\caches\8.4\executionHistory)" [_thread_blocked, id=13344, stack(0x000000d274a00000,0x000000d274b00000)]
  0x00000282fc061390 JavaThread "jar transforms" [_thread_blocked, id=3828, stack(0x000000d274b00000,0x000000d274c00000)]
  0x00000282fc0618a0 JavaThread "jar transforms Thread 2" [_thread_blocked, id=29544, stack(0x000000d274c00000,0x000000d274d00000)]
  0x00000282fc0627d0 JavaThread "jar transforms Thread 3" [_thread_blocked, id=2088, stack(0x000000d274e00000,0x000000d274f00000)]
  0x00000282fc062ce0 JavaThread "Cache worker for kotlin-dsl (C:\Users\User\.gradle\caches\8.4\kotlin-dsl)" [_thread_blocked, id=22436, stack(0x000000d274f00000,0x000000d275000000)]
  0x00000282fc05f530 JavaThread "jar transforms Thread 4" [_thread_blocked, id=21300, stack(0x000000d274d00000,0x000000d274e00000)]
  0x00000282fc05ff50 JavaThread "jar transforms Thread 5" [_thread_blocked, id=16284, stack(0x000000d275000000,0x000000d275100000)]
  0x00000282fc0631f0 JavaThread "Cache worker for dependencies-accessors (C:\Users\User\Documents\MILY\app\fe_chatbot\android\.gradle\8.4\dependencies-accessors)" [_thread_blocked, id=28844, stack(0x000000d275100000,0x000000d275200000)]
  0x00000282fc05fa40 JavaThread "Cache worker for Build Output Cleanup Cache (C:\src\flutter\packages\flutter_tools\gradle\.gradle\buildOutputCleanup)" [_thread_blocked, id=22656, stack(0x000000d275200000,0x000000d275300000)]
  0x00000282fc065560 JavaThread "jar transforms Thread 6" [_thread_blocked, id=22376, stack(0x000000d275300000,0x000000d275400000)]
  0x00000282fc065a70 JavaThread "jar transforms Thread 7" [_thread_blocked, id=29636, stack(0x000000d275400000,0x000000d275500000)]
  0x00000282fc064630 JavaThread "File lock release action executor" [_thread_blocked, id=8884, stack(0x000000d275500000,0x000000d275600000)]
  0x00000282fc065f80 JavaThread "Unconstrained build operations" [_thread_blocked, id=23496, stack(0x000000d275700000,0x000000d275800000)]
  0x00000282fc063700 JavaThread "Unconstrained build operations Thread 2" [_thread_blocked, id=9512, stack(0x000000d275800000,0x000000d275900000)]
  0x00000282fc066490 JavaThread "Unconstrained build operations Thread 3" [_thread_blocked, id=7736, stack(0x000000d275900000,0x000000d275a00000)]
  0x00000282fc0669a0 JavaThread "Unconstrained build operations Thread 4" [_thread_blocked, id=6092, stack(0x000000d275a00000,0x000000d275b00000)]
  0x00000282fc063c10 JavaThread "Unconstrained build operations Thread 5" [_thread_blocked, id=15712, stack(0x000000d275b00000,0x000000d275c00000)]
  0x00000282fc064120 JavaThread "Unconstrained build operations Thread 6" [_thread_blocked, id=18064, stack(0x000000d275c00000,0x000000d275d00000)]
  0x00000282fc064b40 JavaThread "Unconstrained build operations Thread 7" [_thread_blocked, id=20260, stack(0x000000d275d00000,0x000000d275e00000)]
  0x00000282fe7f95f0 JavaThread "jar transforms Thread 8" [_thread_blocked, id=12636, stack(0x000000d275600000,0x000000d275700000)]
  0x00000282fe7f6860 JavaThread "Memory manager" [_thread_blocked, id=15616, stack(0x000000d275f00000,0x000000d276000000)]
  0x00000282fe7f7280 JavaThread "build event listener" [_thread_blocked, id=3232, stack(0x000000d276000000,0x000000d276100000)]
  0x00000282fe7f8bd0 JavaThread "included builds" [_thread_blocked, id=25108, stack(0x000000d276400000,0x000000d276500000)]
  0x00000282fe7f90e0 JavaThread "Execution worker" [_thread_blocked, id=27584, stack(0x000000d276500000,0x000000d276600000)]
  0x00000282fe7f5e40 JavaThread "Execution worker Thread 2" [_thread_blocked, id=23508, stack(0x000000d276600000,0x000000d276700000)]
  0x00000282fe7fd2b0 JavaThread "Execution worker Thread 3" [_thread_blocked, id=16072, stack(0x000000d276700000,0x000000d276800000)]
  0x00000282fe7faf40 JavaThread "Execution worker Thread 4" [_thread_blocked, id=26844, stack(0x000000d276800000,0x000000d276900000)]
  0x00000282fe7fb960 JavaThread "Execution worker Thread 5" [_thread_blocked, id=17768, stack(0x000000d276900000,0x000000d276a00000)]
  0x00000282fe7fb450 JavaThread "Execution worker Thread 6" [_thread_blocked, id=492, stack(0x000000d276a00000,0x000000d276b00000)]
  0x00000282fe7f9b00 JavaThread "Execution worker Thread 7" [_thread_blocked, id=11376, stack(0x000000d276b00000,0x000000d276c00000)]
  0x00000282fe7faa30 JavaThread "Cache worker for execution history cache (C:\src\flutter\packages\flutter_tools\gradle\.gradle\8.4\executionHistory)" [_thread_blocked, id=19624, stack(0x000000d276c00000,0x000000d276d00000)]
  0x00000282fe7fbe70 JavaThread "Unconstrained build operations Thread 8" [_thread_blocked, id=28252, stack(0x000000d276300000,0x000000d276400000)]
  0x00000282fe7fd7c0 JavaThread "Unconstrained build operations Thread 9" [_thread_blocked, id=10936, stack(0x000000d276d00000,0x000000d276e00000)]
  0x00000282fe7fc380 JavaThread "Unconstrained build operations Thread 10" [_thread_blocked, id=25656, stack(0x000000d276e00000,0x000000d276f00000)]
  0x00000282fe7fa010 JavaThread "Unconstrained build operations Thread 11" [_thread_blocked, id=4212, stack(0x000000d276f00000,0x000000d277000000)]
  0x00000282fe7fc890 JavaThread "Unconstrained build operations Thread 12" [_thread_blocked, id=29232, stack(0x000000d277000000,0x000000d277100000)]
  0x00000282fe7fcda0 JavaThread "Unconstrained build operations Thread 13" [_thread_blocked, id=18200, stack(0x000000d277100000,0x000000d277200000)]
  0x00000282fe7fa520 JavaThread "Unconstrained build operations Thread 14" [_thread_blocked, id=25168, stack(0x000000d277200000,0x000000d277300000)]
  0x00000282c18c3380 JavaThread "Unconstrained build operations Thread 15" [_thread_blocked, id=24464, stack(0x000000d277300000,0x000000d277400000)]
  0x00000282c18c47c0 JavaThread "Unconstrained build operations Thread 16" [_thread_blocked, id=23032, stack(0x000000d277400000,0x000000d277500000)]
  0x00000282c18c3890 JavaThread "Unconstrained build operations Thread 17" [_thread_blocked, id=27520, stack(0x000000d277500000,0x000000d277600000)]
  0x00000282c18c3da0 JavaThread "Unconstrained build operations Thread 18" [_thread_blocked, id=26588, stack(0x000000d277600000,0x000000d277700000)]
  0x00000282c18c42b0 JavaThread "Unconstrained build operations Thread 19" [_thread_blocked, id=29416, stack(0x000000d277700000,0x000000d277800000)]
  0x00000282c18c2450 JavaThread "Unconstrained build operations Thread 20" [_thread_blocked, id=10420, stack(0x000000d277800000,0x000000d277900000)]
  0x00000282c18c1f40 JavaThread "Unconstrained build operations Thread 21" [_thread_blocked, id=10068, stack(0x000000d277900000,0x000000d277a00000)]
  0x00000282c18c4cd0 JavaThread "Unconstrained build operations Thread 22" [_thread_blocked, id=3332, stack(0x000000d277a00000,0x000000d277b00000)]
  0x00000282c18c2e70 JavaThread "Unconstrained build operations Thread 23" [_thread_blocked, id=21340, stack(0x000000d277b00000,0x000000d277c00000)]
  0x00000282c18c2960 JavaThread "Unconstrained build operations Thread 24" [_thread_blocked, id=18044, stack(0x000000d277c00000,0x000000d277d00000)]
  0x00000282c18c51e0 JavaThread "Unconstrained build operations Thread 25" [_thread_blocked, id=17988, stack(0x000000d277d00000,0x000000d277e00000)]
  0x00000282c18c1a30 JavaThread "Unconstrained build operations Thread 26" [_thread_blocked, id=19096, stack(0x000000d277e00000,0x000000d277f00000)]
  0x00000282fe6e2760 JavaThread "Unconstrained build operations Thread 27" [_thread_blocked, id=24476, stack(0x000000d277f00000,0x000000d278000000)]
  0x00000282fe6e1320 JavaThread "Unconstrained build operations Thread 28" [_thread_blocked, id=29200, stack(0x000000d278000000,0x000000d278100000)]
  0x00000282fe6e0e10 JavaThread "Unconstrained build operations Thread 29" [_thread_blocked, id=6060, stack(0x000000d278100000,0x000000d278200000)]
  0x00000282fe6e1830 JavaThread "Unconstrained build operations Thread 30" [_thread_blocked, id=13800, stack(0x000000d278200000,0x000000d278300000)]
  0x00000282fe6e1d40 JavaThread "Unconstrained build operations Thread 31" [_thread_blocked, id=23120, stack(0x000000d278300000,0x000000d278400000)]
  0x00000282fe6e2250 JavaThread "Unconstrained build operations Thread 32" [_thread_blocked, id=24204, stack(0x000000d278400000,0x000000d278500000)]
  0x00000282fe6e2c70 JavaThread "Unconstrained build operations Thread 33" [_thread_blocked, id=15728, stack(0x000000d278500000,0x000000d278600000)]
  0x00000282fe6df9d0 JavaThread "WorkerExecutor Queue" [_thread_blocked, id=20724, stack(0x000000d278600000,0x000000d278700000)]
  0x00000282fe6e3ba0 JavaThread "RMI Scheduler(0)" daemon [_thread_blocked, id=23332, stack(0x000000d278700000,0x000000d278800000)]
  0x00000282fe6e3690 JavaThread "RMI RenewClean-[127.0.0.1:17854,org.jetbrains.kotlin.daemon.common.LoopbackNetworkInterface$ClientLoopbackSocketFactory@6c7868df]" daemon [_thread_blocked, id=26692, stack(0x000000d278800000,0x000000d278900000)]
  0x00000282fe6e03f0 JavaThread "RMI GC Daemon" daemon [_thread_blocked, id=23308, stack(0x000000d278900000,0x000000d278a00000)]
  0x00000282fe6e45c0 JavaThread "RMI TCP Accept-0" daemon [_thread_in_native, id=9484, stack(0x000000d275e00000,0x000000d275f00000)]
  0x00000282fe6e6420 JavaThread "RMI Reaper" [_thread_blocked, id=20688, stack(0x000000d278a00000,0x000000d278b00000)]
  0x00000282fe6e6e40 JavaThread "Exec process" [_thread_blocked, id=12500, stack(0x000000d273a00000,0x000000d273b00000)]
  0x00000282fe6e7350 JavaThread "Exec process Thread 3" [_thread_blocked, id=3900, stack(0x000000d278e00000,0x000000d278f00000)]
  0x00000282fe6e40b0 JavaThread "Exec process Thread 4" [_thread_blocked, id=24236, stack(0x000000d278f00000,0x000000d279000000)]
  0x00000282fd13ebe0 JavaThread "Unconstrained build operations Thread 34" [_thread_blocked, id=20308, stack(0x000000d271800000,0x000000d271900000)]
  0x00000282fd142390 JavaThread "Unconstrained build operations Thread 35" [_thread_blocked, id=7904, stack(0x000000d271900000,0x000000d271a00000)]
  0x00000282fd140020 JavaThread "Unconstrained build operations Thread 36" [_thread_blocked, id=21124, stack(0x000000d271a00000,0x000000d271b00000)]
  0x00000282fd1428a0 JavaThread "Unconstrained build operations Thread 37" [_thread_blocked, id=25032, stack(0x000000d278c00000,0x000000d278d00000)]
  0x00000282fd140a40 JavaThread "Unconstrained build operations Thread 38" [_thread_blocked, id=10532, stack(0x000000d279000000,0x000000d279100000)]
  0x00000282fd13f600 JavaThread "Unconstrained build operations Thread 39" [_thread_blocked, id=8056, stack(0x000000d279100000,0x000000d279200000)]
  0x00000282fd140f50 JavaThread "Unconstrained build operations Thread 40" [_thread_blocked, id=20492, stack(0x000000d279200000,0x000000d279300000)]
  0x00000282fd141970 JavaThread "Cache worker for Build Output Cleanup Cache (C:\Users\User\Documents\MILY\app\fe_chatbot\android\.gradle\buildOutputCleanup)" [_thread_blocked, id=24848, stack(0x000000d279500000,0x000000d279600000)]
  0x00000282fd13fb10 JavaThread "Unconstrained build operations Thread 41" [_thread_blocked, id=28492, stack(0x000000d279600000,0x000000d279700000)]
  0x00000282fd141460 JavaThread "Unconstrained build operations Thread 42" [_thread_blocked, id=16184, stack(0x000000d279700000,0x000000d279800000)]
  0x00000282fd13f0f0 JavaThread "Unconstrained build operations Thread 43" [_thread_blocked, id=13844, stack(0x000000d279800000,0x000000d279900000)]
  0x00000282fd1432c0 JavaThread "Unconstrained build operations Thread 44" [_thread_blocked, id=6624, stack(0x000000d279900000,0x000000d279a00000)]
  0x00000282fd143ce0 JavaThread "Unconstrained build operations Thread 45" [_thread_blocked, id=20916, stack(0x000000d279a00000,0x000000d279b00000)]
  0x00000282fd1441f0 JavaThread "Unconstrained build operations Thread 46" [_thread_blocked, id=3668, stack(0x000000d279b00000,0x000000d279c00000)]
  0x00000282fd141e80 JavaThread "Unconstrained build operations Thread 47" [_thread_blocked, id=29260, stack(0x000000d279c00000,0x000000d279d00000)]
  0x00000282fe6e4ad0 JavaThread "Unconstrained build operations Thread 48" [_thread_blocked, id=25364, stack(0x000000d279300000,0x000000d279400000)]
  0x00000282fe6e4fe0 JavaThread "Unconstrained build operations Thread 49" [_thread_blocked, id=10676, stack(0x000000d279d00000,0x000000d279e00000)]
  0x00000282fe6e5f10 JavaThread "Unconstrained build operations Thread 50" [_thread_blocked, id=19644, stack(0x000000d279e00000,0x000000d279f00000)]
  0x00000282fe6e6930 JavaThread "Unconstrained build operations Thread 51" [_thread_blocked, id=28864, stack(0x000000d279f00000,0x000000d27a000000)]
  0x00000282fc7ca720 JavaThread "Unconstrained build operations Thread 52" [_thread_blocked, id=19948, stack(0x000000d27a000000,0x000000d27a100000)]
  0x00000282c2ae6ee0 JavaThread "Unconstrained build operations Thread 53" [_thread_blocked, id=8652, stack(0x000000d27a100000,0x000000d27a200000)]
  0x00000282c2ae64c0 JavaThread "Unconstrained build operations Thread 54" [_thread_blocked, id=10636, stack(0x000000d27a200000,0x000000d27a300000)]
  0x00000282c2aeb5c0 JavaThread "Unconstrained build operations Thread 55" [_thread_blocked, id=6952, stack(0x000000d278b00000,0x000000d278c00000)]
  0x00000282c2ae8320 JavaThread "Unconstrained build operations Thread 56" [_thread_blocked, id=14048, stack(0x000000d278d00000,0x000000d278e00000)]
  0x00000282c2ae8830 JavaThread "Unconstrained build operations Thread 57" [_thread_blocked, id=25020, stack(0x000000d27a300000,0x000000d27a400000)]
  0x00000282c2ae7e10 JavaThread "Unconstrained build operations Thread 58" [_thread_blocked, id=22056, stack(0x000000d27a400000,0x000000d27a500000)]
  0x00000282c2aebad0 JavaThread "Unconstrained build operations Thread 59" [_thread_blocked, id=24064, stack(0x000000d27a500000,0x000000d27a600000)]
  0x00000282c2aec4f0 JavaThread "Unconstrained build operations Thread 60" [_thread_blocked, id=19428, stack(0x000000d27a600000,0x000000d27a700000)]
  0x00000282c2aed420 JavaThread "Unconstrained build operations Thread 61" [_thread_blocked, id=4752, stack(0x000000d27a700000,0x000000d27a800000)]
  0x00000282c2aecf10 JavaThread "Unconstrained build operations Thread 62" [_thread_blocked, id=5116, stack(0x000000d27a900000,0x000000d27aa00000)]
  0x00000282c2aeca00 JavaThread "Unconstrained build operations Thread 63" [_thread_blocked, id=16200, stack(0x000000d27aa00000,0x000000d27ab00000)]
  0x00000282fe6e54f0 JavaThread "Unconstrained build operations Thread 64" [_thread_blocked, id=26720, stack(0x000000d27ab00000,0x000000d27ac00000)]
  0x00000282fc7c83b0 JavaThread "Unconstrained build operations Thread 65" [_thread_blocked, id=13324, stack(0x000000d27ac00000,0x000000d27ad00000)]
  0x00000282fe78eb30 JavaThread "Unconstrained build operations Thread 66" [_thread_blocked, id=2448, stack(0x000000d27ad00000,0x000000d27ae00000)]
  0x00000282fe78c7c0 JavaThread "Unconstrained build operations Thread 67" [_thread_blocked, id=10380, stack(0x000000d27ae00000,0x000000d27af00000)]
  0x00000282fe78dc00 JavaThread "Unconstrained build operations Thread 68" [_thread_blocked, id=10404, stack(0x000000d27af00000,0x000000d27b000000)]
=>0x00000282fb41a740 JavaThread "C2 CompilerThread1" daemon [_thread_in_native, id=20388, stack(0x000000d27a800000,0x000000d27a900000)]
  0x00000282fe78d1e0 JavaThread "Unconstrained build operations Thread 69" [_thread_blocked, id=28412, stack(0x000000d27b000000,0x000000d27b100000)]
  0x00000282fe78e110 JavaThread "Unconstrained build operations Thread 70" [_thread_blocked, id=9300, stack(0x000000d27b100000,0x000000d27b200000)]
  0x00000282fe78ccd0 JavaThread "Unconstrained build operations Thread 71" [_thread_blocked, id=8348, stack(0x000000d27b200000,0x000000d27b300000)]
  0x00000282fe78e620 JavaThread "Unconstrained build operations Thread 72" [_thread_blocked, id=27948, stack(0x000000d27b300000,0x000000d27b400000)]
  0x00000282fe78f040 JavaThread "Unconstrained build operations Thread 73" [_thread_blocked, id=18648, stack(0x000000d27b400000,0x000000d27b500000)]
  0x00000282fe78ff70 JavaThread "Unconstrained build operations Thread 74" [_thread_blocked, id=11288, stack(0x000000d27b500000,0x000000d27b600000)]
  0x00000282fe78f550 JavaThread "Unconstrained build operations Thread 75" [_thread_blocked, id=23356, stack(0x000000d27b600000,0x000000d27b700000)]
  0x00000282fe790990 JavaThread "Unconstrained build operations Thread 76" [_thread_blocked, id=15944, stack(0x000000d27b700000,0x000000d27b800000)]
  0x00000282fe790ea0 JavaThread "Unconstrained build operations Thread 77" [_thread_blocked, id=20116, stack(0x000000d27b800000,0x000000d27b900000)]
  0x00000282fe78d6f0 JavaThread "Unconstrained build operations Thread 78" [_thread_blocked, id=8712, stack(0x000000d27b900000,0x000000d27ba00000)]
  0x00000282fe794140 JavaThread "Unconstrained build operations Thread 79" [_thread_blocked, id=19524, stack(0x000000d27ba00000,0x000000d27bb00000)]
  0x00000282fe791dd0 JavaThread "Unconstrained build operations Thread 80" [_thread_blocked, id=11928, stack(0x000000d27bb00000,0x000000d27bc00000)]
  0x00000282c32957f0 JavaThread "C2 CompilerThread2" daemon [_thread_in_native, id=17160, stack(0x000000d279400000,0x000000d279500000)]

Other Threads:
  0x00000282f6affca0 VMThread "VM Thread" [stack: 0x000000d272100000,0x000000d272200000] [id=27532]
  0x00000282fb20ec60 WatcherThread [stack: 0x000000d272d00000,0x000000d272e00000] [id=23844]
  0x00000282d32db620 GCTaskThread "GC Thread#0" [stack: 0x000000d271c00000,0x000000d271d00000] [id=21148]
  0x00000282fb298420 GCTaskThread "GC Thread#1" [stack: 0x000000d272f00000,0x000000d273000000] [id=21992]
  0x00000282fb2970e0 GCTaskThread "GC Thread#2" [stack: 0x000000d273000000,0x000000d273100000] [id=24308]
  0x00000282fb298160 GCTaskThread "GC Thread#3" [stack: 0x000000d273100000,0x000000d273200000] [id=21516]
  0x00000282fb2989a0 GCTaskThread "GC Thread#4" [stack: 0x000000d272e00000,0x000000d272f00000] [id=20652]
  0x00000282fb2973a0 GCTaskThread "GC Thread#5" [stack: 0x000000d273e00000,0x000000d273f00000] [id=26408]
  0x00000282fb297be0 GCTaskThread "GC Thread#6" [stack: 0x000000d273f00000,0x000000d274000000] [id=22548]
  0x00000282fb297660 GCTaskThread "GC Thread#7" [stack: 0x000000d274000000,0x000000d274100000] [id=13856]
  0x00000282d32ec570 ConcurrentGCThread "G1 Main Marker" [stack: 0x000000d271d00000,0x000000d271e00000] [id=4652]
  0x00000282d32eddc0 ConcurrentGCThread "G1 Conc#0" [stack: 0x000000d271e00000,0x000000d271f00000] [id=18108]
  0x00000282fce6bbc0 ConcurrentGCThread "G1 Conc#1" [stack: 0x000000d274400000,0x000000d274500000] [id=29548]
  0x00000282d331e7f0 ConcurrentGCThread "G1 Refine#0" [stack: 0x000000d271f00000,0x000000d272000000] [id=18952]
  0x00000282f69bc360 ConcurrentGCThread "G1 Service" [stack: 0x000000d272000000,0x000000d272100000] [id=12420]

Threads with active compile tasks:
C2 CompilerThread0   154653 14984 %     4       jdk.internal.loader.URLClassPath::findResource @ 3 (38 bytes)
C2 CompilerThread1   154653 14920       4       org.gradle.internal.component.model.DefaultAttributeMatcher::matches (169 bytes)
C2 CompilerThread2   154653 14943       4       groovy.lang.MetaClassImpl::applyStrayPropertyMethods (288 bytes)

VM state: not at safepoint (normal execution)

VM Mutex/Monitor currently owned by a thread: None

Heap address: 0x0000000700000000, size: 4096 MB, Compressed Oops mode: Zero based, Oop shift amount: 3

CDS archive(s) mapped at: [0x0000028280000000-0x0000028280bb0000-0x0000028280bb0000), size 12255232, SharedBaseAddress: 0x0000028280000000, ArchiveRelocationMode: 1.
Compressed class space mapped at: 0x0000028281000000-0x00000282c1000000, reserved size: 1073741824
Narrow klass base: 0x0000028280000000, Narrow klass shift: 0, Narrow klass range: 0x100000000

GC Precious Log:
 CPUs: 8 total, 8 available
 Memory: 7998M
 Large Page Support: Disabled
 NUMA Support: Disabled
 Compressed Oops: Enabled (Zero based)
 Heap Region Size: 2M
 Heap Min Capacity: 8M
 Heap Initial Capacity: 126M
 Heap Max Capacity: 4G
 Pre-touch: Disabled
 Parallel Workers: 8
 Concurrent Workers: 2
 Concurrent Refinement Workers: 8
 Periodic GC: Disabled

Heap:
 garbage-first heap   total 321536K, used 217809K [0x0000000700000000, 0x0000000800000000)
  region size 2048K, 20 young (40960K), 1 survivors (2048K)
 Metaspace       used 102244K, committed 103424K, reserved 1179648K
  class space    used 14261K, committed 14848K, reserved 1048576K

Heap Regions: E=young(eden), S=young(survivor), O=old, HS=humongous(starts), HC=humongous(continues), CS=collection set, F=free, OA=open archive, CA=closed archive, TAMS=top-at-mark-start (previous, next)
|   0|0x0000000700000000, 0x0000000700200000, 0x0000000700200000|100%|HS|  |TAMS 0x0000000700200000, 0x0000000700000000| Complete 
|   1|0x0000000700200000, 0x0000000700400000, 0x0000000700400000|100%|HC|  |TAMS 0x0000000700400000, 0x0000000700200000| Complete 
|   2|0x0000000700400000, 0x0000000700600000, 0x0000000700600000|100%| O|  |TAMS 0x0000000700600000, 0x0000000700400000| Untracked 
|   3|0x0000000700600000, 0x0000000700800000, 0x0000000700800000|100%| O|  |TAMS 0x0000000700800000, 0x0000000700600000| Untracked 
|   4|0x0000000700800000, 0x0000000700a00000, 0x0000000700a00000|100%| O|  |TAMS 0x0000000700a00000, 0x0000000700800000| Untracked 
|   5|0x0000000700a00000, 0x0000000700c00000, 0x0000000700c00000|100%| O|  |TAMS 0x0000000700c00000, 0x0000000700a00000| Untracked 
|   6|0x0000000700c00000, 0x0000000700e00000, 0x0000000700e00000|100%| O|  |TAMS 0x0000000700e00000, 0x0000000700c00000| Untracked 
|   7|0x0000000700e00000, 0x0000000701000000, 0x0000000701000000|100%| O|  |TAMS 0x0000000701000000, 0x0000000700e00000| Untracked 
|   8|0x0000000701000000, 0x0000000701200000, 0x0000000701200000|100%| O|  |TAMS 0x0000000701200000, 0x0000000701000000| Untracked 
|   9|0x0000000701200000, 0x0000000701400000, 0x0000000701400000|100%| O|  |TAMS 0x0000000701400000, 0x0000000701200000| Untracked 
|  10|0x0000000701400000, 0x0000000701600000, 0x0000000701600000|100%| O|  |TAMS 0x0000000701600000, 0x0000000701400000| Untracked 
|  11|0x0000000701600000, 0x0000000701800000, 0x0000000701800000|100%| O|  |TAMS 0x0000000701800000, 0x0000000701600000| Untracked 
|  12|0x0000000701800000, 0x0000000701a00000, 0x0000000701a00000|100%| O|  |TAMS 0x0000000701a00000, 0x0000000701800000| Untracked 
|  13|0x0000000701a00000, 0x0000000701c00000, 0x0000000701c00000|100%| O|  |TAMS 0x0000000701c00000, 0x0000000701a00000| Untracked 
|  14|0x0000000701c00000, 0x0000000701e00000, 0x0000000701e00000|100%| O|  |TAMS 0x0000000701e00000, 0x0000000701c00000| Untracked 
|  15|0x0000000701e00000, 0x0000000702000000, 0x0000000702000000|100%| O|  |TAMS 0x0000000702000000, 0x0000000701e00000| Untracked 
|  16|0x0000000702000000, 0x0000000702200000, 0x0000000702200000|100%| O|  |TAMS 0x0000000702200000, 0x0000000702000000| Untracked 
|  17|0x0000000702200000, 0x0000000702400000, 0x0000000702400000|100%| O|  |TAMS 0x0000000702400000, 0x0000000702200000| Untracked 
|  18|0x0000000702400000, 0x0000000702600000, 0x0000000702600000|100%|HS|  |TAMS 0x0000000702600000, 0x0000000702400000| Complete 
|  19|0x0000000702600000, 0x0000000702800000, 0x0000000702800000|100%|HS|  |TAMS 0x0000000702800000, 0x0000000702600000| Complete 
|  20|0x0000000702800000, 0x0000000702a00000, 0x0000000702a00000|100%|HS|  |TAMS 0x0000000702a00000, 0x0000000702800000| Complete 
|  21|0x0000000702a00000, 0x0000000702c00000, 0x0000000702c00000|100%|HC|  |TAMS 0x0000000702c00000, 0x0000000702a00000| Complete 
|  22|0x0000000702c00000, 0x0000000702e00000, 0x0000000702e00000|100%|HS|  |TAMS 0x0000000702e00000, 0x0000000702c00000| Complete 
|  23|0x0000000702e00000, 0x0000000703000000, 0x0000000703000000|100%|HC|  |TAMS 0x0000000703000000, 0x0000000702e00000| Complete 
|  24|0x0000000703000000, 0x0000000703200000, 0x0000000703200000|100%| O|  |TAMS 0x0000000703200000, 0x0000000703000000| Untracked 
|  25|0x0000000703200000, 0x0000000703400000, 0x0000000703400000|100%| O|  |TAMS 0x0000000703400000, 0x0000000703200000| Untracked 
|  26|0x0000000703400000, 0x0000000703600000, 0x0000000703600000|100%| O|  |TAMS 0x0000000703600000, 0x0000000703400000| Untracked 
|  27|0x0000000703600000, 0x0000000703800000, 0x0000000703800000|100%| O|  |TAMS 0x0000000703800000, 0x0000000703600000| Untracked 
|  28|0x0000000703800000, 0x0000000703a00000, 0x0000000703a00000|100%| O|  |TAMS 0x0000000703a00000, 0x0000000703800000| Untracked 
|  29|0x0000000703a00000, 0x0000000703c00000, 0x0000000703c00000|100%| O|  |TAMS 0x0000000703c00000, 0x0000000703a00000| Untracked 
|  30|0x0000000703c00000, 0x0000000703e00000, 0x0000000703e00000|100%| O|  |TAMS 0x0000000703e00000, 0x0000000703c00000| Untracked 
|  31|0x0000000703e00000, 0x0000000704000000, 0x0000000704000000|100%| O|  |TAMS 0x0000000704000000, 0x0000000703e00000| Untracked 
|  32|0x0000000704000000, 0x0000000704200000, 0x0000000704200000|100%| O|  |TAMS 0x0000000704200000, 0x0000000704000000| Untracked 
|  33|0x0000000704200000, 0x0000000704400000, 0x0000000704400000|100%|HS|  |TAMS 0x0000000704400000, 0x0000000704200000| Complete 
|  34|0x0000000704400000, 0x0000000704600000, 0x0000000704600000|100%| O|  |TAMS 0x0000000704600000, 0x0000000704400000| Untracked 
|  35|0x0000000704600000, 0x0000000704800000, 0x0000000704800000|100%| O|  |TAMS 0x0000000704800000, 0x0000000704600000| Untracked 
|  36|0x0000000704800000, 0x0000000704a00000, 0x0000000704a00000|100%|HS|  |TAMS 0x0000000704a00000, 0x0000000704800000| Complete 
|  37|0x0000000704a00000, 0x0000000704c00000, 0x0000000704c00000|100%|HC|  |TAMS 0x0000000704c00000, 0x0000000704a00000| Complete 
|  38|0x0000000704c00000, 0x0000000704e00000, 0x0000000704e00000|100%| O|  |TAMS 0x0000000704e00000, 0x0000000704c00000| Untracked 
|  39|0x0000000704e00000, 0x0000000705000000, 0x0000000705000000|100%| O|  |TAMS 0x0000000705000000, 0x0000000704e00000| Untracked 
|  40|0x0000000705000000, 0x0000000705200000, 0x0000000705200000|100%| O|  |TAMS 0x0000000705200000, 0x0000000705000000| Untracked 
|  41|0x0000000705200000, 0x0000000705400000, 0x0000000705400000|100%| O|  |TAMS 0x0000000705400000, 0x0000000705200000| Untracked 
|  42|0x0000000705400000, 0x0000000705600000, 0x0000000705600000|100%| O|  |TAMS 0x0000000705600000, 0x0000000705400000| Untracked 
|  43|0x0000000705600000, 0x0000000705800000, 0x0000000705800000|100%| O|  |TAMS 0x0000000705800000, 0x0000000705600000| Untracked 
|  44|0x0000000705800000, 0x0000000705a00000, 0x0000000705a00000|100%|HS|  |TAMS 0x0000000705a00000, 0x0000000705800000| Complete 
|  45|0x0000000705a00000, 0x0000000705c00000, 0x0000000705c00000|100%|HS|  |TAMS 0x0000000705c00000, 0x0000000705a00000| Complete 
|  46|0x0000000705c00000, 0x0000000705e00000, 0x0000000705e00000|100%|HC|  |TAMS 0x0000000705e00000, 0x0000000705c00000| Complete 
|  47|0x0000000705e00000, 0x0000000706000000, 0x0000000706000000|100%| O|  |TAMS 0x0000000706000000, 0x0000000705e00000| Untracked 
|  48|0x0000000706000000, 0x0000000706200000, 0x0000000706200000|100%|HS|  |TAMS 0x0000000706200000, 0x0000000706000000| Complete 
|  49|0x0000000706200000, 0x0000000706400000, 0x0000000706400000|100%| O|  |TAMS 0x0000000706400000, 0x0000000706200000| Untracked 
|  50|0x0000000706400000, 0x0000000706600000, 0x0000000706600000|100%| O|  |TAMS 0x0000000706600000, 0x0000000706400000| Untracked 
|  51|0x0000000706600000, 0x0000000706800000, 0x0000000706800000|100%| O|  |TAMS 0x0000000706800000, 0x0000000706600000| Untracked 
|  52|0x0000000706800000, 0x0000000706a00000, 0x0000000706a00000|100%| O|  |TAMS 0x0000000706a00000, 0x0000000706800000| Untracked 
|  53|0x0000000706a00000, 0x0000000706c00000, 0x0000000706c00000|100%| O|  |TAMS 0x0000000706c00000, 0x0000000706a00000| Untracked 
|  54|0x0000000706c00000, 0x0000000706e00000, 0x0000000706e00000|100%|HS|  |TAMS 0x0000000706e00000, 0x0000000706c00000| Complete 
|  55|0x0000000706e00000, 0x0000000707000000, 0x0000000707000000|100%|HC|  |TAMS 0x0000000707000000, 0x0000000706e00000| Complete 
|  56|0x0000000707000000, 0x0000000707200000, 0x0000000707200000|100%| O|  |TAMS 0x0000000707200000, 0x0000000707000000| Untracked 
|  57|0x0000000707200000, 0x0000000707400000, 0x0000000707400000|100%| O|  |TAMS 0x0000000707400000, 0x0000000707200000| Untracked 
|  58|0x0000000707400000, 0x0000000707600000, 0x0000000707600000|100%| O|  |TAMS 0x0000000707600000, 0x0000000707400000| Untracked 
|  59|0x0000000707600000, 0x0000000707800000, 0x0000000707800000|100%| O|  |TAMS 0x0000000707800000, 0x0000000707600000| Untracked 
|  60|0x0000000707800000, 0x0000000707a00000, 0x0000000707a00000|100%| O|  |TAMS 0x0000000707a00000, 0x0000000707800000| Untracked 
|  61|0x0000000707a00000, 0x0000000707a00000, 0x0000000707c00000|  0%| F|  |TAMS 0x0000000707a00000, 0x0000000707a00000| Untracked 
|  62|0x0000000707c00000, 0x0000000707e00000, 0x0000000707e00000|100%|HS|  |TAMS 0x0000000707e00000, 0x0000000707c00000| Complete 
|  63|0x0000000707e00000, 0x0000000708000000, 0x0000000708000000|100%|HC|  |TAMS 0x0000000708000000, 0x0000000707e00000| Complete 
|  64|0x0000000708000000, 0x0000000708200000, 0x0000000708200000|100%|HS|  |TAMS 0x0000000708200000, 0x0000000708000000| Complete 
|  65|0x0000000708200000, 0x0000000708400000, 0x0000000708400000|100%| O|  |TAMS 0x0000000708400000, 0x0000000708200000| Untracked 
|  66|0x0000000708400000, 0x0000000708600000, 0x0000000708600000|100%| O|  |TAMS 0x0000000708600000, 0x0000000708400000| Untracked 
|  67|0x0000000708600000, 0x0000000708800000, 0x0000000708800000|100%| O|  |TAMS 0x0000000708800000, 0x0000000708600000| Untracked 
|  68|0x0000000708800000, 0x0000000708a00000, 0x0000000708a00000|100%| O|  |TAMS 0x0000000708a00000, 0x0000000708800000| Untracked 
|  69|0x0000000708a00000, 0x0000000708c00000, 0x0000000708c00000|100%| O|  |TAMS 0x0000000708c00000, 0x0000000708a00000| Untracked 
|  70|0x0000000708c00000, 0x0000000708e00000, 0x0000000708e00000|100%| O|  |TAMS 0x0000000708e00000, 0x0000000708c00000| Untracked 
|  71|0x0000000708e00000, 0x0000000709000000, 0x0000000709000000|100%| O|  |TAMS 0x0000000709000000, 0x0000000708e00000| Untracked 
|  72|0x0000000709000000, 0x0000000709200000, 0x0000000709200000|100%| O|  |TAMS 0x0000000709200000, 0x0000000709000000| Untracked 
|  73|0x0000000709200000, 0x0000000709400000, 0x0000000709400000|100%| O|  |TAMS 0x0000000709400000, 0x0000000709200000| Untracked 
|  74|0x0000000709400000, 0x0000000709600000, 0x0000000709600000|100%| O|  |TAMS 0x0000000709600000, 0x0000000709400000| Untracked 
|  75|0x0000000709600000, 0x0000000709800000, 0x0000000709800000|100%| O|  |TAMS 0x0000000709800000, 0x0000000709600000| Untracked 
|  76|0x0000000709800000, 0x0000000709a00000, 0x0000000709a00000|100%| O|  |TAMS 0x0000000709a00000, 0x0000000709800000| Untracked 
|  77|0x0000000709a00000, 0x0000000709c00000, 0x0000000709c00000|100%| O|  |TAMS 0x0000000709c00000, 0x0000000709a00000| Untracked 
|  78|0x0000000709c00000, 0x0000000709e00000, 0x0000000709e00000|100%| O|  |TAMS 0x0000000709e00000, 0x0000000709c00000| Untracked 
|  79|0x0000000709e00000, 0x000000070a000000, 0x000000070a000000|100%| O|  |TAMS 0x000000070a000000, 0x0000000709e00000| Untracked 
|  80|0x000000070a000000, 0x000000070a200000, 0x000000070a200000|100%| O|  |TAMS 0x000000070a200000, 0x000000070a000000| Untracked 
|  81|0x000000070a200000, 0x000000070a400000, 0x000000070a400000|100%| O|  |TAMS 0x000000070a200000, 0x000000070a200000| Untracked 
|  82|0x000000070a400000, 0x000000070a600000, 0x000000070a600000|100%| O|  |TAMS 0x000000070a400000, 0x000000070a400000| Untracked 
|  83|0x000000070a600000, 0x000000070a800000, 0x000000070a800000|100%| O|  |TAMS 0x000000070a600000, 0x000000070a600000| Untracked 
|  84|0x000000070a800000, 0x000000070aa00000, 0x000000070aa00000|100%| O|  |TAMS 0x000000070a800000, 0x000000070a800000| Untracked 
|  85|0x000000070aa00000, 0x000000070ac00000, 0x000000070ac00000|100%| O|  |TAMS 0x000000070aa00000, 0x000000070aa00000| Untracked 
|  86|0x000000070ac00000, 0x000000070ae00000, 0x000000070ae00000|100%| O|  |TAMS 0x000000070ac00000, 0x000000070ac00000| Untracked 
|  87|0x000000070ae00000, 0x000000070b000000, 0x000000070b000000|100%| O|  |TAMS 0x000000070ae00000, 0x000000070ae00000| Untracked 
|  88|0x000000070b000000, 0x000000070b200000, 0x000000070b200000|100%| O|  |TAMS 0x000000070b000000, 0x000000070b000000| Untracked 
|  89|0x000000070b200000, 0x000000070b2b4400, 0x000000070b400000| 35%| O|  |TAMS 0x000000070b200000, 0x000000070b200000| Untracked 
|  90|0x000000070b400000, 0x000000070b400000, 0x000000070b600000|  0%| F|  |TAMS 0x000000070b400000, 0x000000070b400000| Untracked 
|  91|0x000000070b600000, 0x000000070b600000, 0x000000070b800000|  0%| F|  |TAMS 0x000000070b600000, 0x000000070b600000| Untracked 
|  92|0x000000070b800000, 0x000000070b800000, 0x000000070ba00000|  0%| F|  |TAMS 0x000000070b800000, 0x000000070b800000| Untracked 
|  93|0x000000070ba00000, 0x000000070ba00000, 0x000000070bc00000|  0%| F|  |TAMS 0x000000070ba00000, 0x000000070ba00000| Untracked 
|  94|0x000000070bc00000, 0x000000070bc00000, 0x000000070be00000|  0%| F|  |TAMS 0x000000070bc00000, 0x000000070bc00000| Untracked 
|  95|0x000000070be00000, 0x000000070be00000, 0x000000070c000000|  0%| F|  |TAMS 0x000000070be00000, 0x000000070be00000| Untracked 
|  96|0x000000070c000000, 0x000000070c000000, 0x000000070c200000|  0%| F|  |TAMS 0x000000070c000000, 0x000000070c000000| Untracked 
|  97|0x000000070c200000, 0x000000070c200000, 0x000000070c400000|  0%| F|  |TAMS 0x000000070c200000, 0x000000070c200000| Untracked 
|  98|0x000000070c400000, 0x000000070c400000, 0x000000070c600000|  0%| F|  |TAMS 0x000000070c400000, 0x000000070c400000| Untracked 
|  99|0x000000070c600000, 0x000000070c600000, 0x000000070c800000|  0%| F|  |TAMS 0x000000070c600000, 0x000000070c600000| Untracked 
| 100|0x000000070c800000, 0x000000070c800000, 0x000000070ca00000|  0%| F|  |TAMS 0x000000070c800000, 0x000000070c800000| Untracked 
| 101|0x000000070ca00000, 0x000000070ca00000, 0x000000070cc00000|  0%| F|  |TAMS 0x000000070ca00000, 0x000000070ca00000| Untracked 
| 102|0x000000070cc00000, 0x000000070cc00000, 0x000000070ce00000|  0%| F|  |TAMS 0x000000070cc00000, 0x000000070cc00000| Untracked 
| 103|0x000000070ce00000, 0x000000070ce00000, 0x000000070d000000|  0%| F|  |TAMS 0x000000070ce00000, 0x000000070ce00000| Untracked 
| 104|0x000000070d000000, 0x000000070d000000, 0x000000070d200000|  0%| F|  |TAMS 0x000000070d000000, 0x000000070d000000| Untracked 
| 105|0x000000070d200000, 0x000000070d200000, 0x000000070d400000|  0%| F|  |TAMS 0x000000070d200000, 0x000000070d200000| Untracked 
| 106|0x000000070d400000, 0x000000070d400000, 0x000000070d600000|  0%| F|  |TAMS 0x000000070d400000, 0x000000070d400000| Untracked 
| 107|0x000000070d600000, 0x000000070d600000, 0x000000070d800000|  0%| F|  |TAMS 0x000000070d600000, 0x000000070d600000| Untracked 
| 108|0x000000070d800000, 0x000000070d800000, 0x000000070da00000|  0%| F|  |TAMS 0x000000070d800000, 0x000000070d800000| Untracked 
| 109|0x000000070da00000, 0x000000070da00000, 0x000000070dc00000|  0%| F|  |TAMS 0x000000070da00000, 0x000000070da00000| Untracked 
| 110|0x000000070dc00000, 0x000000070dc00000, 0x000000070de00000|  0%| F|  |TAMS 0x000000070dc00000, 0x000000070dc00000| Untracked 
| 111|0x000000070de00000, 0x000000070de00000, 0x000000070e000000|  0%| F|  |TAMS 0x000000070de00000, 0x000000070de00000| Untracked 
| 112|0x000000070e000000, 0x000000070e000000, 0x000000070e200000|  0%| F|  |TAMS 0x000000070e000000, 0x000000070e000000| Untracked 
| 113|0x000000070e200000, 0x000000070e200000, 0x000000070e400000|  0%| F|  |TAMS 0x000000070e200000, 0x000000070e200000| Untracked 
| 114|0x000000070e400000, 0x000000070e400000, 0x000000070e600000|  0%| F|  |TAMS 0x000000070e400000, 0x000000070e400000| Untracked 
| 115|0x000000070e600000, 0x000000070e600000, 0x000000070e800000|  0%| F|  |TAMS 0x000000070e600000, 0x000000070e600000| Untracked 
| 116|0x000000070e800000, 0x000000070e800000, 0x000000070ea00000|  0%| F|  |TAMS 0x000000070e800000, 0x000000070e800000| Untracked 
| 117|0x000000070ea00000, 0x000000070ea00000, 0x000000070ec00000|  0%| F|  |TAMS 0x000000070ea00000, 0x000000070ea00000| Untracked 
| 118|0x000000070ec00000, 0x000000070ec00000, 0x000000070ee00000|  0%| F|  |TAMS 0x000000070ec00000, 0x000000070ec00000| Untracked 
| 119|0x000000070ee00000, 0x000000070ee00000, 0x000000070f000000|  0%| F|  |TAMS 0x000000070ee00000, 0x000000070ee00000| Untracked 
| 120|0x000000070f000000, 0x000000070f000000, 0x000000070f200000|  0%| F|  |TAMS 0x000000070f000000, 0x000000070f000000| Untracked 
| 121|0x000000070f200000, 0x000000070f200000, 0x000000070f400000|  0%| F|  |TAMS 0x000000070f200000, 0x000000070f200000| Untracked 
| 122|0x000000070f400000, 0x000000070f400000, 0x000000070f600000|  0%| F|  |TAMS 0x000000070f400000, 0x000000070f400000| Untracked 
| 123|0x000000070f600000, 0x000000070f600000, 0x000000070f800000|  0%| F|  |TAMS 0x000000070f600000, 0x000000070f600000| Untracked 
| 124|0x000000070f800000, 0x000000070f800000, 0x000000070fa00000|  0%| F|  |TAMS 0x000000070f800000, 0x000000070f800000| Untracked 
| 125|0x000000070fa00000, 0x000000070fa00000, 0x000000070fc00000|  0%| F|  |TAMS 0x000000070fa00000, 0x000000070fa00000| Untracked 
| 126|0x000000070fc00000, 0x000000070fc00000, 0x000000070fe00000|  0%| F|  |TAMS 0x000000070fc00000, 0x000000070fc00000| Untracked 
| 127|0x000000070fe00000, 0x000000070fe00000, 0x0000000710000000|  0%| F|  |TAMS 0x000000070fe00000, 0x000000070fe00000| Untracked 
| 128|0x0000000710000000, 0x0000000710000000, 0x0000000710200000|  0%| F|  |TAMS 0x0000000710000000, 0x0000000710000000| Untracked 
| 129|0x0000000710200000, 0x0000000710200000, 0x0000000710400000|  0%| F|  |TAMS 0x0000000710200000, 0x0000000710200000| Untracked 
| 130|0x0000000710400000, 0x0000000710400000, 0x0000000710600000|  0%| F|  |TAMS 0x0000000710400000, 0x0000000710400000| Untracked 
| 131|0x0000000710600000, 0x0000000710600000, 0x0000000710800000|  0%| F|  |TAMS 0x0000000710600000, 0x0000000710600000| Untracked 
| 132|0x0000000710800000, 0x0000000710800000, 0x0000000710a00000|  0%| F|  |TAMS 0x0000000710800000, 0x0000000710800000| Untracked 
| 133|0x0000000710a00000, 0x0000000710a00000, 0x0000000710c00000|  0%| F|  |TAMS 0x0000000710a00000, 0x0000000710a00000| Untracked 
| 134|0x0000000710c00000, 0x0000000710c00000, 0x0000000710e00000|  0%| F|  |TAMS 0x0000000710c00000, 0x0000000710c00000| Untracked 
| 135|0x0000000710e00000, 0x0000000710e00000, 0x0000000711000000|  0%| F|  |TAMS 0x0000000710e00000, 0x0000000710e00000| Untracked 
| 136|0x0000000711000000, 0x0000000711000000, 0x0000000711200000|  0%| F|  |TAMS 0x0000000711000000, 0x0000000711000000| Untracked 
| 137|0x0000000711200000, 0x00000007112ada80, 0x0000000711400000| 33%| E|  |TAMS 0x0000000711200000, 0x0000000711200000| Complete 
| 138|0x0000000711400000, 0x00000007115919c8, 0x0000000711600000| 78%| E|  |TAMS 0x0000000711400000, 0x0000000711400000| Complete 
| 139|0x0000000711600000, 0x0000000711800000, 0x0000000711800000|100%| E|CS|TAMS 0x0000000711600000, 0x0000000711600000| Complete 
| 140|0x0000000711800000, 0x0000000711a00000, 0x0000000711a00000|100%| E|CS|TAMS 0x0000000711800000, 0x0000000711800000| Complete 
| 141|0x0000000711a00000, 0x0000000711c00000, 0x0000000711c00000|100%| E|CS|TAMS 0x0000000711a00000, 0x0000000711a00000| Complete 
| 142|0x0000000711c00000, 0x0000000711e00000, 0x0000000711e00000|100%| E|CS|TAMS 0x0000000711c00000, 0x0000000711c00000| Complete 
| 143|0x0000000711e00000, 0x0000000712000000, 0x0000000712000000|100%| E|CS|TAMS 0x0000000711e00000, 0x0000000711e00000| Complete 
| 144|0x0000000712000000, 0x0000000712200000, 0x0000000712200000|100%| E|CS|TAMS 0x0000000712000000, 0x0000000712000000| Complete 
| 145|0x0000000712200000, 0x0000000712400000, 0x0000000712400000|100%| E|CS|TAMS 0x0000000712200000, 0x0000000712200000| Complete 
| 146|0x0000000712400000, 0x0000000712600000, 0x0000000712600000|100%| E|CS|TAMS 0x0000000712400000, 0x0000000712400000| Complete 
| 147|0x0000000712600000, 0x0000000712800000, 0x0000000712800000|100%| E|CS|TAMS 0x0000000712600000, 0x0000000712600000| Complete 
| 148|0x0000000712800000, 0x0000000712a00000, 0x0000000712a00000|100%| E|CS|TAMS 0x0000000712800000, 0x0000000712800000| Complete 
| 149|0x0000000712a00000, 0x0000000712c00000, 0x0000000712c00000|100%| E|CS|TAMS 0x0000000712a00000, 0x0000000712a00000| Complete 
| 150|0x0000000712c00000, 0x0000000712e00000, 0x0000000712e00000|100%| E|CS|TAMS 0x0000000712c00000, 0x0000000712c00000| Complete 
| 151|0x0000000712e00000, 0x0000000713000000, 0x0000000713000000|100%| S|CS|TAMS 0x0000000712e00000, 0x0000000712e00000| Complete 
| 152|0x0000000713000000, 0x0000000713200000, 0x0000000713200000|100%| E|CS|TAMS 0x0000000713000000, 0x0000000713000000| Complete 
| 153|0x0000000713200000, 0x0000000713400000, 0x0000000713400000|100%| E|CS|TAMS 0x0000000713200000, 0x0000000713200000| Complete 
| 154|0x0000000713400000, 0x0000000713600000, 0x0000000713600000|100%| E|CS|TAMS 0x0000000713400000, 0x0000000713400000| Complete 
| 155|0x0000000713600000, 0x0000000713800000, 0x0000000713800000|100%| E|CS|TAMS 0x0000000713600000, 0x0000000713600000| Complete 
| 156|0x0000000713800000, 0x0000000713a00000, 0x0000000713a00000|100%| E|CS|TAMS 0x0000000713800000, 0x0000000713800000| Complete 

Card table byte_map: [0x00000282eb040000,0x00000282eb840000] _byte_map_base: 0x00000282e7840000

Marking Bits (Prev, Next): (CMBitMap*) 0x00000282d32dbc80, (CMBitMap*) 0x00000282d32dbc40
 Prev Bits: [0x00000282f0040000, 0x00000282f4040000)
 Next Bits: [0x00000282ec040000, 0x00000282f0040000)

Polling page: 0x00000282d1a60000

Metaspace:

Usage:
  Non-class:     85.92 MB used.
      Class:     13.93 MB used.
       Both:     99.85 MB used.

Virtual space:
  Non-class space:      128.00 MB reserved,      86.50 MB ( 68%) committed,  2 nodes.
      Class space:        1.00 GB reserved,      14.50 MB (  1%) committed,  1 nodes.
             Both:        1.12 GB reserved,     101.00 MB (  9%) committed. 

Chunk freelists:
   Non-Class:  9.38 MB
       Class:  1.35 MB
        Both:  10.72 MB

MaxMetaspaceSize: 2.00 GB
CompressedClassSpaceSize: 1.00 GB
Initial GC threshold: 21.00 MB
Current GC threshold: 167.50 MB
CDS: on
MetaspaceReclaimPolicy: balanced
 - commit_granule_bytes: 65536.
 - commit_granule_words: 8192.
 - virtual_space_node_default_size: 8388608.
 - enlarge_chunks_in_place: 1.
 - new_chunks_are_fully_committed: 0.
 - uncommit_free_chunks: 1.
 - use_allocation_guard: 0.
 - handle_deallocations: 1.


Internal statistics:

num_allocs_failed_limit: 6.
num_arena_births: 1594.
num_arena_deaths: 0.
num_vsnodes_births: 3.
num_vsnodes_deaths: 0.
num_space_committed: 1616.
num_space_uncommitted: 0.
num_chunks_returned_to_freelist: 6.
num_chunks_taken_from_freelist: 6174.
num_chunk_merges: 6.
num_chunk_splits: 3959.
num_chunks_enlarged: 2467.
num_inconsistent_stats: 0.

CodeHeap 'non-profiled nmethods': size=120000Kb used=8868Kb max_used=8868Kb free=111131Kb
 bounds [0x00000282e28a0000, 0x00000282e3150000, 0x00000282e9dd0000]
CodeHeap 'profiled nmethods': size=120000Kb used=25535Kb max_used=25535Kb free=94464Kb
 bounds [0x00000282dadd0000, 0x00000282dc6d0000, 0x00000282e2300000]
CodeHeap 'non-nmethods': size=5760Kb used=2443Kb max_used=2539Kb free=3316Kb
 bounds [0x00000282e2300000, 0x00000282e2590000, 0x00000282e28a0000]
 total_blobs=13777 nmethods=12792 adapters=897
 compilation: enabled
              stopped_count=0, restarted_count=0
 full_count=0

Compilation events (20 events):
Event: 152.496 Thread 0x00000282f6b244c0 nmethod 14945 0x00000282e3146410 code [0x00000282e3146580, 0x00000282e3146618]
Event: 152.496 Thread 0x00000282f6b2ef90 nmethod 14946 0x00000282dc6a9410 code [0x00000282dc6a95e0, 0x00000282dc6a9998]
Event: 152.496 Thread 0x00000282f6b2ef90 14947       3       org.gradle.api.internal.provider.DefaultValueSourceProviderFactory::isolateParameters (19 bytes)
Event: 152.496 Thread 0x00000282f6b2ef90 nmethod 14947 0x00000282dc6a9b10 code [0x00000282dc6a9ce0, 0x00000282dc6aa038]
Event: 152.496 Thread 0x00000282f6b2ef90 14948       3       org.gradle.api.internal.provider.DefaultValueSourceProviderFactory::instantiateValueSource (80 bytes)
Event: 152.498 Thread 0x00000282f6b2ef90 nmethod 14948 0x00000282dc6aa190 code [0x00000282dc6aa3c0, 0x00000282dc6aac38]
Event: 152.498 Thread 0x00000282f6b2ef90 14949       3       org.gradle.api.internal.provider.DefaultValueSourceProviderFactory$LazilyObtainedValue$$Lambda$1139/0x00000282816f1e08::call (10 bytes)
Event: 152.498 Thread 0x00000282f6b2ef90 nmethod 14949 0x00000282dc6aaf90 code [0x00000282dc6ab140, 0x00000282dc6ab328]
Event: 152.498 Thread 0x00000282f6b2ef90 14950       3       org.gradle.api.internal.provider.DefaultValueSourceProviderFactory$DefaultObtainedValue::<init> (26 bytes)
Event: 152.501 Thread 0x00000282f6b2ef90 nmethod 14950 0x00000282dc6ab410 code [0x00000282dc6ab5c0, 0x00000282dc6ab8b8]
Event: 152.503 Thread 0x00000282f6b2ef90 14951       3       org.gradle.internal.action.InstantiatingAction::<init> (38 bytes)
Event: 152.503 Thread 0x00000282f6b2ef90 nmethod 14951 0x00000282dc6ab990 code [0x00000282dc6abb60, 0x00000282dc6ac048]
Event: 152.504 Thread 0x00000282f6b2ef90 14952       3       org.gradle.api.internal.collections.DefaultCollectionEventRegister$FilteredEventRegister::registerLazyAddAction (18 bytes)
Event: 152.505 Thread 0x00000282f6b2ef90 nmethod 14952 0x00000282dc6ac210 code [0x00000282dc6ac3e0, 0x00000282dc6ac828]
Event: 152.505 Thread 0x00000282f6b2ef90 14953   !   3       jdk.internal.reflect.GeneratedConstructorAccessor53::newInstance (93 bytes)
Event: 152.506 Thread 0x00000282f6b2ef90 nmethod 14953 0x00000282dc6ac990 code [0x00000282dc6acbe0, 0x00000282dc6ad7e8]
Event: 152.535 Thread 0x00000282f6b244c0 14954       4       org.gradle.api.internal.collections.AbstractIterationOrderRetainingElementSource::<init> (36 bytes)
Event: 152.542 Thread 0x00000282f6b2ef90 14955       3       org.codehaus.groovy.runtime.callsite.PlainObjectMetaMethodSite::<init> (10 bytes)
Event: 152.542 Thread 0x00000282f6b2ef90 nmethod 14955 0x00000282dc6adc90 code [0x00000282dc6ade40, 0x00000282dc6ae1a8]
Event: 152.544 Thread 0x00000282f6b244c0 nmethod 14954 0x00000282e3146710 code [0x00000282e31468a0, 0x00000282e3146e38]

GC Heap History (20 events):
Event: 130.583 GC heap before
{Heap before GC invocations=62 (full 0):
 garbage-first heap   total 239616K, used 190479K [0x0000000700000000, 0x0000000800000000)
  region size 2048K, 25 young (51200K), 1 survivors (2048K)
 Metaspace       used 92530K, committed 93504K, reserved 1179648K
  class space    used 12912K, committed 13376K, reserved 1048576K
}
Event: 130.589 GC heap after
{Heap after GC invocations=63 (full 0):
 garbage-first heap   total 239616K, used 142571K [0x0000000700000000, 0x0000000800000000)
  region size 2048K, 1 young (2048K), 1 survivors (2048K)
 Metaspace       used 92530K, committed 93504K, reserved 1179648K
  class space    used 12912K, committed 13376K, reserved 1048576K
}
Event: 134.575 GC heap before
{Heap before GC invocations=63 (full 0):
 garbage-first heap   total 239616K, used 193771K [0x0000000700000000, 0x0000000800000000)
  region size 2048K, 26 young (53248K), 1 survivors (2048K)
 Metaspace       used 95562K, committed 96512K, reserved 1179648K
  class space    used 13297K, committed 13760K, reserved 1048576K
}
Event: 134.580 GC heap after
{Heap after GC invocations=64 (full 0):
 garbage-first heap   total 239616K, used 143888K [0x0000000700000000, 0x0000000800000000)
  region size 2048K, 2 young (4096K), 2 survivors (4096K)
 Metaspace       used 95562K, committed 96512K, reserved 1179648K
  class space    used 13297K, committed 13760K, reserved 1048576K
}
Event: 137.364 GC heap before
{Heap before GC invocations=64 (full 0):
 garbage-first heap   total 239616K, used 197136K [0x0000000700000000, 0x0000000800000000)
  region size 2048K, 28 young (57344K), 2 survivors (4096K)
 Metaspace       used 97581K, committed 98624K, reserved 1179648K
  class space    used 13584K, committed 14080K, reserved 1048576K
}
Event: 137.374 GC heap after
{Heap after GC invocations=65 (full 0):
 garbage-first heap   total 239616K, used 148492K [0x0000000700000000, 0x0000000800000000)
  region size 2048K, 4 young (8192K), 4 survivors (8192K)
 Metaspace       used 97581K, committed 98624K, reserved 1179648K
  class space    used 13584K, committed 14080K, reserved 1048576K
}
Event: 143.380 GC heap before
{Heap before GC invocations=66 (full 0):
 garbage-first heap   total 253952K, used 197644K [0x0000000700000000, 0x0000000800000000)
  region size 2048K, 28 young (57344K), 4 survivors (8192K)
 Metaspace       used 99199K, committed 100288K, reserved 1179648K
  class space    used 13807K, committed 14336K, reserved 1048576K
}
Event: 143.402 GC heap after
{Heap after GC invocations=67 (full 0):
 garbage-first heap   total 253952K, used 152638K [0x0000000700000000, 0x0000000800000000)
  region size 2048K, 3 young (6144K), 3 survivors (6144K)
 Metaspace       used 99199K, committed 100288K, reserved 1179648K
  class space    used 13807K, committed 14336K, reserved 1048576K
}
Event: 143.592 GC heap before
{Heap before GC invocations=67 (full 0):
 garbage-first heap   total 253952K, used 158782K [0x0000000700000000, 0x0000000800000000)
  region size 2048K, 6 young (12288K), 3 survivors (6144K)
 Metaspace       used 99252K, committed 100352K, reserved 1179648K
  class space    used 13809K, committed 14336K, reserved 1048576K
}
Event: 143.599 GC heap after
{Heap after GC invocations=68 (full 0):
 garbage-first heap   total 253952K, used 153670K [0x0000000700000000, 0x0000000800000000)
  region size 2048K, 1 young (2048K), 1 survivors (2048K)
 Metaspace       used 99252K, committed 100352K, reserved 1179648K
  class space    used 13809K, committed 14336K, reserved 1048576K
}
Event: 145.930 GC heap before
{Heap before GC invocations=68 (full 0):
 garbage-first heap   total 253952K, used 208966K [0x0000000700000000, 0x0000000800000000)
  region size 2048K, 28 young (57344K), 1 survivors (2048K)
 Metaspace       used 100987K, committed 102080K, reserved 1179648K
  class space    used 14108K, committed 14656K, reserved 1048576K
}
Event: 145.939 GC heap after
{Heap after GC invocations=69 (full 0):
 garbage-first heap   total 253952K, used 160918K [0x0000000700000000, 0x0000000800000000)
  region size 2048K, 4 young (8192K), 4 survivors (8192K)
 Metaspace       used 100987K, committed 102080K, reserved 1179648K
  class space    used 14108K, committed 14656K, reserved 1048576K
}
Event: 148.515 GC heap before
{Heap before GC invocations=69 (full 0):
 garbage-first heap   total 253952K, used 208022K [0x0000000700000000, 0x0000000800000000)
  region size 2048K, 28 young (57344K), 4 survivors (8192K)
 Metaspace       used 101297K, committed 102400K, reserved 1179648K
  class space    used 14146K, committed 14656K, reserved 1048576K
}
Event: 148.533 GC heap after
{Heap after GC invocations=70 (full 0):
 garbage-first heap   total 253952K, used 174080K [0x0000000700000000, 0x0000000800000000)
  region size 2048K, 4 young (8192K), 4 survivors (8192K)
 Metaspace       used 101297K, committed 102400K, reserved 1179648K
  class space    used 14146K, committed 14656K, reserved 1048576K
}
Event: 149.512 GC heap before
{Heap before GC invocations=70 (full 0):
 garbage-first heap   total 253952K, used 206848K [0x0000000700000000, 0x0000000800000000)
  region size 2048K, 21 young (43008K), 4 survivors (8192K)
 Metaspace       used 101631K, committed 102848K, reserved 1179648K
  class space    used 14190K, committed 14784K, reserved 1048576K
}
Event: 149.522 GC heap after
{Heap after GC invocations=71 (full 0):
 garbage-first heap   total 253952K, used 178667K [0x0000000700000000, 0x0000000800000000)
  region size 2048K, 3 young (6144K), 3 survivors (6144K)
 Metaspace       used 101631K, committed 102848K, reserved 1179648K
  class space    used 14190K, committed 14784K, reserved 1048576K
}
Event: 150.241 GC heap before
{Heap before GC invocations=72 (full 0):
 garbage-first heap   total 321536K, used 205291K [0x0000000700000000, 0x0000000800000000)
  region size 2048K, 16 young (32768K), 3 survivors (6144K)
 Metaspace       used 101869K, committed 103040K, reserved 1179648K
  class space    used 14216K, committed 14784K, reserved 1048576K
}
Event: 150.250 GC heap after
{Heap after GC invocations=73 (full 0):
 garbage-first heap   total 321536K, used 181654K [0x0000000700000000, 0x0000000800000000)
  region size 2048K, 2 young (4096K), 2 survivors (4096K)
 Metaspace       used 101869K, committed 103040K, reserved 1179648K
  class space    used 14216K, committed 14784K, reserved 1048576K
}
Event: 150.534 GC heap before
{Heap before GC invocations=73 (full 0):
 garbage-first heap   total 321536K, used 191894K [0x0000000700000000, 0x0000000800000000)
  region size 2048K, 7 young (14336K), 2 survivors (4096K)
 Metaspace       used 102000K, committed 103168K, reserved 1179648K
  class space    used 14231K, committed 14784K, reserved 1048576K
}
Event: 151.544 GC heap after
{Heap after GC invocations=74 (full 0):
 garbage-first heap   total 321536K, used 182993K [0x0000000700000000, 0x0000000800000000)
  region size 2048K, 1 young (2048K), 1 survivors (2048K)
 Metaspace       used 102000K, committed 103168K, reserved 1179648K
  class space    used 14231K, committed 14784K, reserved 1048576K
}

Dll operation events (17 events):
Event: 0.049 Loaded shared library C:\Program Files\Eclipse Adoptium\jdk-17.0.14.7-hotspot\bin\java.dll
Event: 0.108 Loaded shared library C:\Program Files\Eclipse Adoptium\jdk-17.0.14.7-hotspot\bin\jsvml.dll
Event: 0.237 Loaded shared library C:\Program Files\Eclipse Adoptium\jdk-17.0.14.7-hotspot\bin\zip.dll
Event: 0.246 Loaded shared library C:\Program Files\Eclipse Adoptium\jdk-17.0.14.7-hotspot\bin\instrument.dll
Event: 0.258 Loaded shared library C:\Program Files\Eclipse Adoptium\jdk-17.0.14.7-hotspot\bin\net.dll
Event: 0.265 Loaded shared library C:\Program Files\Eclipse Adoptium\jdk-17.0.14.7-hotspot\bin\nio.dll
Event: 0.274 Loaded shared library C:\Program Files\Eclipse Adoptium\jdk-17.0.14.7-hotspot\bin\zip.dll
Event: 1.010 Loaded shared library C:\Program Files\Eclipse Adoptium\jdk-17.0.14.7-hotspot\bin\jimage.dll
Event: 1.270 Loaded shared library C:\Program Files\Eclipse Adoptium\jdk-17.0.14.7-hotspot\bin\verify.dll
Event: 1.863 Loaded shared library C:\Users\User\.gradle\native\c067742578af261105cb4f569cf0c3c89f3d7b1fecec35dd04571415982c5e48\windows-amd64\native-platform.dll
Event: 1.886 Loaded shared library C:\Users\User\.gradle\native\38dada09dfb8b06ba9b0570ebf7e218e3eb74d4ef43ca46872605cf95ebc2f47\windows-amd64\native-platform-file-events.dll
Event: 4.834 Loaded shared library C:\Program Files\Eclipse Adoptium\jdk-17.0.14.7-hotspot\bin\management.dll
Event: 4.848 Loaded shared library C:\Program Files\Eclipse Adoptium\jdk-17.0.14.7-hotspot\bin\management_ext.dll
Event: 6.197 Loaded shared library C:\Program Files\Eclipse Adoptium\jdk-17.0.14.7-hotspot\bin\extnet.dll
Event: 8.290 Loaded shared library C:\Program Files\Eclipse Adoptium\jdk-17.0.14.7-hotspot\bin\sunmscapi.dll
Event: 48.664 Loaded shared library C:\Program Files\Eclipse Adoptium\jdk-17.0.14.7-hotspot\bin\rmi.dll
Event: 57.105 Loaded shared library C:\Users\User\AppData\Local\Temp\native-platform16419912007091452803dir\native-platform.dll

Deoptimization events (20 events):
Event: 149.262 Thread 0x00000282fc192240 DEOPT PACKING pc=0x00000282e3085440 sp=0x000000d2738f8d20
Event: 149.262 Thread 0x00000282fc192240 DEOPT UNPACKING pc=0x00000282e23569a3 sp=0x000000d2738f8ce0 mode 2
Event: 149.590 Thread 0x00000282fc192240 Uncommon trap: trap_request=0xffffffd6 fr.pc=0x00000282e30de96c relative=0x00000000000004cc
Event: 149.590 Thread 0x00000282fc192240 Uncommon trap: reason=array_check action=maybe_recompile pc=0x00000282e30de96c method=java.util.HashMap.valuesToArray([Ljava/lang/Object;)[Ljava/lang/Object; @ 62 c2
Event: 149.590 Thread 0x00000282fc192240 DEOPT PACKING pc=0x00000282e30de96c sp=0x000000d2738f6450
Event: 149.590 Thread 0x00000282fc192240 DEOPT UNPACKING pc=0x00000282e23569a3 sp=0x000000d2738f63f8 mode 2
Event: 149.592 Thread 0x00000282fc192240 Uncommon trap: trap_request=0xffffffd6 fr.pc=0x00000282e30de96c relative=0x00000000000004cc
Event: 149.592 Thread 0x00000282fc192240 Uncommon trap: reason=array_check action=maybe_recompile pc=0x00000282e30de96c method=java.util.HashMap.valuesToArray([Ljava/lang/Object;)[Ljava/lang/Object; @ 62 c2
Event: 149.592 Thread 0x00000282fc192240 DEOPT PACKING pc=0x00000282e30de96c sp=0x000000d2738f6650
Event: 149.592 Thread 0x00000282fc192240 DEOPT UNPACKING pc=0x00000282e23569a3 sp=0x000000d2738f65f8 mode 2
Event: 149.595 Thread 0x00000282fc192240 Uncommon trap: trap_request=0xffffffd6 fr.pc=0x00000282e30de96c relative=0x00000000000004cc
Event: 149.595 Thread 0x00000282fc192240 Uncommon trap: reason=array_check action=maybe_recompile pc=0x00000282e30de96c method=java.util.HashMap.valuesToArray([Ljava/lang/Object;)[Ljava/lang/Object; @ 62 c2
Event: 149.595 Thread 0x00000282fc192240 DEOPT PACKING pc=0x00000282e30de96c sp=0x000000d2738f6850
Event: 149.595 Thread 0x00000282fc192240 DEOPT UNPACKING pc=0x00000282e23569a3 sp=0x000000d2738f67f8 mode 2
Event: 149.597 Thread 0x00000282fc192240 Uncommon trap: trap_request=0xffffffd6 fr.pc=0x00000282e30de96c relative=0x00000000000004cc
Event: 149.597 Thread 0x00000282fc192240 Uncommon trap: reason=array_check action=maybe_recompile pc=0x00000282e30de96c method=java.util.HashMap.valuesToArray([Ljava/lang/Object;)[Ljava/lang/Object; @ 62 c2
Event: 149.597 Thread 0x00000282fc192240 DEOPT PACKING pc=0x00000282e30de96c sp=0x000000d2738f6a50
Event: 149.597 Thread 0x00000282fc192240 DEOPT UNPACKING pc=0x00000282e23569a3 sp=0x000000d2738f69f8 mode 2
Event: 152.487 Thread 0x00000282fc192240 DEOPT PACKING pc=0x00000282dc09786f sp=0x000000d2738f8fb0
Event: 152.487 Thread 0x00000282fc192240 DEOPT UNPACKING pc=0x00000282e2357143 sp=0x000000d2738f8500 mode 0

Classes loaded (20 events):
Event: 139.577 Loading class java/lang/IntegerBeanInfo
Event: 139.577 Loading class java/lang/IntegerBeanInfo done
Event: 139.581 Loading class java/lang/IntegerBeanInfo
Event: 139.581 Loading class java/lang/IntegerBeanInfo done
Event: 139.589 Loading class java/lang/NumberBeanInfo
Event: 139.589 Loading class java/lang/NumberBeanInfo done
Event: 139.591 Loading class java/lang/NumberBeanInfo
Event: 139.591 Loading class java/lang/NumberBeanInfo done
Event: 139.591 Loading class java/lang/NumberCustomizer
Event: 139.591 Loading class java/lang/NumberCustomizer done
Event: 139.595 Loading class java/lang/NumberCustomizer
Event: 139.595 Loading class java/lang/NumberCustomizer done
Event: 139.597 Loading class java/lang/IntegerCustomizer
Event: 139.598 Loading class java/lang/IntegerCustomizer done
Event: 139.599 Loading class java/lang/IntegerCustomizer
Event: 139.599 Loading class java/lang/IntegerCustomizer done
Event: 139.599 Loading class jdk/internal/ValueBased
Event: 139.600 Loading class jdk/internal/ValueBased done
Event: 139.606 Loading class jdk/internal/reflect/UnsafeQualifiedStaticIntegerFieldAccessorImpl
Event: 139.606 Loading class jdk/internal/reflect/UnsafeQualifiedStaticIntegerFieldAccessorImpl done

Classes unloaded (0 events):
No events

Classes redefined (0 events):
No events

Internal exceptions (20 events):
Event: 149.597 Thread 0x00000282fc192240 Exception <a 'java/lang/ClassNotFoundException'{0x000000070f465280}: org/gradle/api/tasks/compile/JavaCompile_DecoratedCustomizer> (0x000000070f465280) 
thrown [s\src\hotspot\share\classfile\systemDictionary.cpp, line 256]
Event: 149.607 Thread 0x00000282fc192240 Exception <a 'java/lang/ClassNotFoundException'{0x000000070f508e80}: org/gradle/api/tasks/compile/CompileOptions_DecoratedBeanInfo> (0x000000070f508e80) 
thrown [s\src\hotspot\share\classfile\systemDictionary.cpp, line 256]
Event: 149.608 Thread 0x00000282fc192240 Exception <a 'java/lang/ClassNotFoundException'{0x000000070f519910}: org/gradle/api/tasks/compile/CompileOptionsBeanInfo> (0x000000070f519910) 
thrown [s\src\hotspot\share\classfile\systemDictionary.cpp, line 256]
Event: 149.609 Thread 0x00000282fc192240 Exception <a 'java/lang/ClassNotFoundException'{0x000000070f52a398}: org/gradle/api/tasks/compile/AbstractOptionsBeanInfo> (0x000000070f52a398) 
thrown [s\src\hotspot\share\classfile\systemDictionary.cpp, line 256]
Event: 149.610 Thread 0x00000282fc192240 Exception <a 'java/lang/ClassNotFoundException'{0x000000070f53b0f0}: org/gradle/api/tasks/compile/AbstractOptionsCustomizer> (0x000000070f53b0f0) 
thrown [s\src\hotspot\share\classfile\systemDictionary.cpp, line 256]
Event: 149.611 Thread 0x00000282fc192240 Exception <a 'java/lang/ClassNotFoundException'{0x000000070f54e408}: org/gradle/api/tasks/compile/CompileOptionsCustomizer> (0x000000070f54e408) 
thrown [s\src\hotspot\share\classfile\systemDictionary.cpp, line 256]
Event: 149.614 Thread 0x00000282fc192240 Exception <a 'java/lang/ClassNotFoundException'{0x000000070f593ca0}: org/gradle/api/tasks/compile/CompileOptions_DecoratedCustomizer> (0x000000070f593ca0) 
thrown [s\src\hotspot\share\classfile\systemDictionary.cpp, line 256]
Event: 150.055 Thread 0x00000282fc192240 Exception <a 'java/lang/ClassNotFoundException'{0x000000071313b708}: build_6snokfpc01mpuipcejsh3vmtoBeanInfo> (0x000000071313b708) 
thrown [s\src\hotspot\share\classfile\systemDictionary.cpp, line 256]
Event: 150.056 Thread 0x00000282fc192240 Exception <a 'java/lang/ClassNotFoundException'{0x0000000713142038}: build_6snokfpc01mpuipcejsh3vmtoCustomizer> (0x0000000713142038) 
thrown [s\src\hotspot\share\classfile\systemDictionary.cpp, line 256]
Event: 150.218 Thread 0x00000282fc192240 Exception <a 'java/lang/ClassNotFoundException'{0x0000000712b38b30}: build_6snokfpc01mpuipcejsh3vmtoBeanInfo> (0x0000000712b38b30) 
thrown [s\src\hotspot\share\classfile\systemDictionary.cpp, line 256]
Event: 150.219 Thread 0x00000282fc192240 Exception <a 'java/lang/ClassNotFoundException'{0x0000000712b3f400}: build_6snokfpc01mpuipcejsh3vmtoCustomizer> (0x0000000712b3f400) 
thrown [s\src\hotspot\share\classfile\systemDictionary.cpp, line 256]
Event: 150.507 Thread 0x00000282fc192240 Exception <a 'java/lang/ClassNotFoundException'{0x0000000713148718}: build_drg4ycb6f8f8lx4x3p1ojuov1BeanInfo> (0x0000000713148718) 
thrown [s\src\hotspot\share\classfile\systemDictionary.cpp, line 256]
Event: 150.507 Thread 0x00000282fc192240 Exception <a 'java/lang/ClassNotFoundException'{0x000000071314f048}: build_drg4ycb6f8f8lx4x3p1ojuov1Customizer> (0x000000071314f048) 
thrown [s\src\hotspot\share\classfile\systemDictionary.cpp, line 256]
Event: 151.661 Thread 0x00000282fc192240 Exception <a 'java/lang/ClassNotFoundException'{0x00000007137db410}: build_drg4ycb6f8f8lx4x3p1ojuov1BeanInfo> (0x00000007137db410) 
thrown [s\src\hotspot\share\classfile\systemDictionary.cpp, line 256]
Event: 151.661 Thread 0x00000282fc192240 Exception <a 'java/lang/ClassNotFoundException'{0x00000007137e1ce0}: build_drg4ycb6f8f8lx4x3p1ojuov1Customizer> (0x00000007137e1ce0) 
thrown [s\src\hotspot\share\classfile\systemDictionary.cpp, line 256]
Event: 151.997 Thread 0x00000282fc192240 Exception <a 'java/lang/ClassNotFoundException'{0x00000007128951a8}: build_8l7yymh0lcihdr36yr6k9f5b8BeanInfo> (0x00000007128951a8) 
thrown [s\src\hotspot\share\classfile\systemDictionary.cpp, line 256]
Event: 151.999 Thread 0x00000282fc192240 Exception <a 'java/lang/ClassNotFoundException'{0x000000071289bad8}: build_8l7yymh0lcihdr36yr6k9f5b8Customizer> (0x000000071289bad8) 
thrown [s\src\hotspot\share\classfile\systemDictionary.cpp, line 256]
Event: 152.486 Thread 0x00000282fc192240 Exception <a 'java/lang/ClassNotFoundException'{0x0000000711b042e0}: build_8l7yymh0lcihdr36yr6k9f5b8BeanInfo> (0x0000000711b042e0) 
thrown [s\src\hotspot\share\classfile\systemDictionary.cpp, line 256]
Event: 152.487 Thread 0x00000282fc192240 Exception <a 'java/lang/ClassNotFoundException'{0x0000000711b0abb0}: build_8l7yymh0lcihdr36yr6k9f5b8Customizer> (0x0000000711b0abb0) 
thrown [s\src\hotspot\share\classfile\systemDictionary.cpp, line 256]
Event: 152.544 Thread 0x00000282fc192240 Exception <a 'java/lang/NoSuchMethodError'{0x00000007118c18a8}: 'org.gradle.internal.buildoption.BuildOption$Value org.gradle.api.internal.StartParameterInternal.getIsolatedProjects()'> (0x00000007118c18a8) 
thrown [s\src\hotspot\share\interpreter\linkResolver.cpp, line 759]

VM Operations (20 events):
Event: 145.929 Executing VM operation: G1CollectForAllocation
Event: 145.939 Executing VM operation: G1CollectForAllocation done
Event: 146.945 Executing VM operation: Cleanup
Event: 146.945 Executing VM operation: Cleanup done
Event: 147.946 Executing VM operation: Cleanup
Event: 147.946 Executing VM operation: Cleanup done
Event: 148.515 Executing VM operation: G1CollectForAllocation
Event: 148.533 Executing VM operation: G1CollectForAllocation done
Event: 149.511 Executing VM operation: G1CollectForAllocation
Event: 149.522 Executing VM operation: G1CollectForAllocation done
Event: 149.770 Executing VM operation: G1PauseRemark
Event: 149.786 Executing VM operation: G1PauseRemark done
Event: 149.911 Executing VM operation: G1PauseCleanup
Event: 149.912 Executing VM operation: G1PauseCleanup done
Event: 150.241 Executing VM operation: G1CollectForAllocation
Event: 150.251 Executing VM operation: G1CollectForAllocation done
Event: 150.534 Executing VM operation: G1CollectForAllocation
Event: 151.544 Executing VM operation: G1CollectForAllocation done
Event: 152.555 Executing VM operation: Cleanup
Event: 152.555 Executing VM operation: Cleanup done

Memory protections (0 events):
No events

Nmethod flushes (20 events):
Event: 144.195 Thread 0x00000282fb04a080 flushing  nmethod 0x00000282dc2a7410
Event: 144.196 Thread 0x00000282fb04a080 flushing  nmethod 0x00000282dc2c9d90
Event: 144.196 Thread 0x00000282fb04a080 flushing  nmethod 0x00000282dc306990
Event: 144.196 Thread 0x00000282fb04a080 flushing  nmethod 0x00000282dc307310
Event: 144.196 Thread 0x00000282fb04a080 flushing  nmethod 0x00000282dc30a190
Event: 144.196 Thread 0x00000282fb04a080 flushing  nmethod 0x00000282dc30c090
Event: 144.196 Thread 0x00000282fb04a080 flushing  nmethod 0x00000282dc314f90
Event: 144.196 Thread 0x00000282fb04a080 flushing  nmethod 0x00000282dc317e90
Event: 144.196 Thread 0x00000282fb04a080 flushing  nmethod 0x00000282dc31b210
Event: 144.196 Thread 0x00000282fb04a080 flushing  nmethod 0x00000282dc32cb90
Event: 144.196 Thread 0x00000282fb04a080 flushing  nmethod 0x00000282dc334910
Event: 144.196 Thread 0x00000282fb04a080 flushing  nmethod 0x00000282dc334f90
Event: 144.196 Thread 0x00000282fb04a080 flushing  nmethod 0x00000282dc338310
Event: 144.196 Thread 0x00000282fb04a080 flushing  nmethod 0x00000282dc36b390
Event: 144.197 Thread 0x00000282fb04a080 flushing  nmethod 0x00000282dc3adf90
Event: 144.197 Thread 0x00000282fb04a080 flushing  nmethod 0x00000282dc3d6b10
Event: 144.197 Thread 0x00000282fb04a080 flushing  nmethod 0x00000282dc3d6e90
Event: 144.197 Thread 0x00000282fb04a080 flushing  nmethod 0x00000282dc3ddb90
Event: 144.197 Thread 0x00000282fb04a080 flushing  nmethod 0x00000282dc3ecc90
Event: 144.198 Thread 0x00000282fb04a080 flushing  nmethod 0x00000282dc4d8d10

Events (20 events):
Event: 146.124 Thread 0x00000282fc192240 Thread added: 0x00000282fe78eb30
Event: 146.124 Thread 0x00000282fc192240 Thread added: 0x00000282fe78c7c0
Event: 146.125 Thread 0x00000282fc192240 Thread added: 0x00000282fe78dc00
Event: 147.461 Thread 0x00000282fb41a740 Thread exited: 0x00000282fb41a740
Event: 147.929 Thread 0x00000282f6b2ef90 Thread added: 0x00000282fb41a740
Event: 148.123 Thread 0x00000282fb41a740 Thread exited: 0x00000282fb41a740
Event: 148.306 Thread 0x00000282f6b2ef90 Thread added: 0x00000282fb41a740
Event: 148.339 Thread 0x00000282fc192240 Thread added: 0x00000282fe78d1e0
Event: 148.339 Thread 0x00000282fc192240 Thread added: 0x00000282fe78e110
Event: 148.340 Thread 0x00000282fc192240 Thread added: 0x00000282fe78ccd0
Event: 148.340 Thread 0x00000282fc192240 Thread added: 0x00000282fe78e620
Event: 148.341 Thread 0x00000282fc192240 Thread added: 0x00000282fe78f040
Event: 148.341 Thread 0x00000282fc192240 Thread added: 0x00000282fe78ff70
Event: 148.341 Thread 0x00000282fc192240 Thread added: 0x00000282fe78f550
Event: 149.025 Thread 0x00000282fc192240 Thread added: 0x00000282fe790990
Event: 149.025 Thread 0x00000282fc192240 Thread added: 0x00000282fe790ea0
Event: 149.025 Thread 0x00000282fc192240 Thread added: 0x00000282fe78d6f0
Event: 149.025 Thread 0x00000282fc192240 Thread added: 0x00000282fe794140
Event: 149.026 Thread 0x00000282fc192240 Thread added: 0x00000282fe791dd0
Event: 151.573 Thread 0x00000282f6b2ef90 Thread added: 0x00000282c32957f0


Dynamic libraries:
0x00007ff6dd290000 - 0x00007ff6dd29e000 	C:\Program Files\Eclipse Adoptium\jdk-17.0.14.7-hotspot\bin\java.exe
0x00007ffd77460000 - 0x00007ffd776c0000 	C:\WINDOWS\SYSTEM32\ntdll.dll
0x00007ffd76310000 - 0x00007ffd763d7000 	C:\WINDOWS\System32\KERNEL32.DLL
0x00007ffd74640000 - 0x00007ffd74a0b000 	C:\WINDOWS\System32\KERNELBASE.dll
0x00007ffd74ad0000 - 0x00007ffd74c1b000 	C:\WINDOWS\System32\ucrtbase.dll
0x00007ffd4a2e0000 - 0x00007ffd4a2f7000 	C:\Program Files\Eclipse Adoptium\jdk-17.0.14.7-hotspot\bin\jli.dll
0x00007ffd43c60000 - 0x00007ffd43c7e000 	C:\Program Files\Eclipse Adoptium\jdk-17.0.14.7-hotspot\bin\VCRUNTIME140.dll
0x00007ffd75ec0000 - 0x00007ffd7608c000 	C:\WINDOWS\System32\USER32.dll
0x00007ffd5ba10000 - 0x00007ffd5bca7000 	C:\WINDOWS\WinSxS\amd64_microsoft.windows.common-controls_6595b64144ccf1df_6.0.26100.3624_none_3e086962e3345f24\COMCTL32.dll
0x00007ffd770f0000 - 0x00007ffd77199000 	C:\WINDOWS\System32\msvcrt.dll
0x00007ffd75230000 - 0x00007ffd75257000 	C:\WINDOWS\System32\win32u.dll
0x00007ffd75340000 - 0x00007ffd7536a000 	C:\WINDOWS\System32\GDI32.dll
0x00007ffd74c20000 - 0x00007ffd74d51000 	C:\WINDOWS\System32\gdi32full.dll
0x00007ffd750e0000 - 0x00007ffd75183000 	C:\WINDOWS\System32\msvcp_win.dll
0x00007ffd760b0000 - 0x00007ffd760df000 	C:\WINDOWS\System32\IMM32.DLL
0x00007ffd65c70000 - 0x00007ffd65c7c000 	C:\Program Files\Eclipse Adoptium\jdk-17.0.14.7-hotspot\bin\vcruntime140_1.dll
0x00007ffd2c660000 - 0x00007ffd2c6ed000 	C:\Program Files\Eclipse Adoptium\jdk-17.0.14.7-hotspot\bin\msvcp140.dll
0x00007ffc079c0000 - 0x00007ffc0862b000 	C:\Program Files\Eclipse Adoptium\jdk-17.0.14.7-hotspot\bin\server\jvm.dll
0x00007ffd75b50000 - 0x00007ffd75c03000 	C:\WINDOWS\System32\ADVAPI32.dll
0x00007ffd75c10000 - 0x00007ffd75cb6000 	C:\WINDOWS\System32\sechost.dll
0x00007ffd75da0000 - 0x00007ffd75eb6000 	C:\WINDOWS\System32\RPCRT4.dll
0x00007ffd76290000 - 0x00007ffd76304000 	C:\WINDOWS\System32\WS2_32.dll
0x00007ffd744c0000 - 0x00007ffd7451e000 	C:\WINDOWS\SYSTEM32\POWRPROF.dll
0x00007ffd650f0000 - 0x00007ffd65126000 	C:\WINDOWS\SYSTEM32\WINMM.dll
0x00007ffd6ac90000 - 0x00007ffd6ac9b000 	C:\WINDOWS\SYSTEM32\VERSION.dll
0x00007ffd744a0000 - 0x00007ffd744b4000 	C:\WINDOWS\SYSTEM32\UMPDC.dll
0x00007ffd73410000 - 0x00007ffd7342a000 	C:\WINDOWS\SYSTEM32\kernel.appcore.dll
0x00007ffd65160000 - 0x00007ffd6516a000 	C:\Program Files\Eclipse Adoptium\jdk-17.0.14.7-hotspot\bin\jimage.dll
0x00007ffd71e70000 - 0x00007ffd720b1000 	C:\WINDOWS\SYSTEM32\DBGHELP.DLL
0x00007ffd76820000 - 0x00007ffd76ba3000 	C:\WINDOWS\System32\combase.dll
0x00007ffd75cc0000 - 0x00007ffd75d96000 	C:\WINDOWS\System32\OLEAUT32.dll
0x00007ffd58890000 - 0x00007ffd588c9000 	C:\WINDOWS\SYSTEM32\dbgcore.DLL
0x00007ffd75190000 - 0x00007ffd75229000 	C:\WINDOWS\System32\bcryptPrimitives.dll
0x00007ffd42ed0000 - 0x00007ffd42ede000 	C:\Program Files\Eclipse Adoptium\jdk-17.0.14.7-hotspot\bin\instrument.dll
0x00007ffd39300000 - 0x00007ffd39325000 	C:\Program Files\Eclipse Adoptium\jdk-17.0.14.7-hotspot\bin\java.dll
0x00007ffd2bfb0000 - 0x00007ffd2c087000 	C:\Program Files\Eclipse Adoptium\jdk-17.0.14.7-hotspot\bin\jsvml.dll
0x00007ffd75420000 - 0x00007ffd75b49000 	C:\WINDOWS\System32\SHELL32.dll
0x00007ffd74d60000 - 0x00007ffd74ec8000 	C:\WINDOWS\System32\wintypes.dll
0x00007ffd722c0000 - 0x00007ffd72b12000 	C:\WINDOWS\SYSTEM32\windows.storage.dll
0x00007ffd77330000 - 0x00007ffd7741d000 	C:\WINDOWS\System32\SHCORE.dll
0x00007ffd76720000 - 0x00007ffd76784000 	C:\WINDOWS\System32\shlwapi.dll
0x00007ffd74550000 - 0x00007ffd7457f000 	C:\WINDOWS\SYSTEM32\profapi.dll
0x00007ffd342e0000 - 0x00007ffd342f8000 	C:\Program Files\Eclipse Adoptium\jdk-17.0.14.7-hotspot\bin\zip.dll
0x00007ffd392e0000 - 0x00007ffd392f9000 	C:\Program Files\Eclipse Adoptium\jdk-17.0.14.7-hotspot\bin\net.dll
0x00007ffd6efa0000 - 0x00007ffd6f0bd000 	C:\WINDOWS\SYSTEM32\WINHTTP.dll
0x00007ffd73910000 - 0x00007ffd7397a000 	C:\WINDOWS\system32\mswsock.dll
0x00007ffd34300000 - 0x00007ffd34316000 	C:\Program Files\Eclipse Adoptium\jdk-17.0.14.7-hotspot\bin\nio.dll
0x00007ffd4a2b0000 - 0x00007ffd4a2c0000 	C:\Program Files\Eclipse Adoptium\jdk-17.0.14.7-hotspot\bin\verify.dll
0x00007ffd20450000 - 0x00007ffd20477000 	C:\Users\User\.gradle\native\c067742578af261105cb4f569cf0c3c89f3d7b1fecec35dd04571415982c5e48\windows-amd64\native-platform.dll
0x00007ffd1fc80000 - 0x00007ffd1fdc4000 	C:\Users\User\.gradle\native\38dada09dfb8b06ba9b0570ebf7e218e3eb74d4ef43ca46872605cf95ebc2f47\windows-amd64\native-platform-file-events.dll
0x00007ffd49280000 - 0x00007ffd4928a000 	C:\Program Files\Eclipse Adoptium\jdk-17.0.14.7-hotspot\bin\management.dll
0x00007ffd45f10000 - 0x00007ffd45f1b000 	C:\Program Files\Eclipse Adoptium\jdk-17.0.14.7-hotspot\bin\management_ext.dll
0x00007ffd770e0000 - 0x00007ffd770e8000 	C:\WINDOWS\System32\PSAPI.DLL
0x00007ffd73cc0000 - 0x00007ffd73cdc000 	C:\WINDOWS\SYSTEM32\CRYPTSP.dll
0x00007ffd73370000 - 0x00007ffd733aa000 	C:\WINDOWS\system32\rsaenh.dll
0x00007ffd739b0000 - 0x00007ffd739db000 	C:\WINDOWS\SYSTEM32\USERENV.dll
0x00007ffd73e50000 - 0x00007ffd73e76000 	C:\WINDOWS\SYSTEM32\bcrypt.dll
0x00007ffd73b40000 - 0x00007ffd73b4c000 	C:\WINDOWS\SYSTEM32\CRYPTBASE.dll
0x00007ffd72ed0000 - 0x00007ffd72f03000 	C:\WINDOWS\SYSTEM32\IPHLPAPI.DLL
0x00007ffd770d0000 - 0x00007ffd770da000 	C:\WINDOWS\System32\NSI.dll
0x00007ffd6f140000 - 0x00007ffd6f15f000 	C:\WINDOWS\SYSTEM32\dhcpcsvc6.DLL
0x00007ffd6f0e0000 - 0x00007ffd6f105000 	C:\WINDOWS\SYSTEM32\dhcpcsvc.DLL
0x00007ffd72f10000 - 0x00007ffd73035000 	C:\WINDOWS\SYSTEM32\DNSAPI.dll
0x00007ffd43c50000 - 0x00007ffd43c59000 	C:\Program Files\Eclipse Adoptium\jdk-17.0.14.7-hotspot\bin\extnet.dll
0x00007ffd42430000 - 0x00007ffd4243e000 	C:\Program Files\Eclipse Adoptium\jdk-17.0.14.7-hotspot\bin\sunmscapi.dll
0x00007ffd74ed0000 - 0x00007ffd75047000 	C:\WINDOWS\System32\CRYPT32.dll
0x00007ffd73e10000 - 0x00007ffd73e40000 	C:\WINDOWS\SYSTEM32\ncrypt.dll
0x00007ffd73dc0000 - 0x00007ffd73dff000 	C:\WINDOWS\SYSTEM32\NTASN1.dll
0x00007ffd50940000 - 0x00007ffd50948000 	C:\WINDOWS\system32\wshunix.dll
0x00007ffd556a0000 - 0x00007ffd556b8000 	C:\WINDOWS\system32\napinsp.dll
0x00007ffd55530000 - 0x00007ffd55542000 	C:\WINDOWS\System32\winrnr.dll
0x00007ffd554f0000 - 0x00007ffd55520000 	C:\WINDOWS\system32\nlansp_c.dll
0x00007ffd54970000 - 0x00007ffd54986000 	C:\WINDOWS\system32\wshbth.dll
0x00007ffd6b7b0000 - 0x00007ffd6b7bb000 	C:\Windows\System32\rasadhlp.dll
0x00007ffd6cc10000 - 0x00007ffd6cc95000 	C:\WINDOWS\System32\fwpuclnt.dll
0x00007ffd4a9f0000 - 0x00007ffd4a9f7000 	C:\Program Files\Eclipse Adoptium\jdk-17.0.14.7-hotspot\bin\rmi.dll
0x00007ffd2d750000 - 0x00007ffd2d76e000 	C:\Users\User\AppData\Local\Temp\native-platform16419912007091452803dir\native-platform.dll
0x00007ffd73530000 - 0x00007ffd73565000 	C:\WINDOWS\SYSTEM32\ntmarta.dll

dbghelp: loaded successfully - version: 4.0.5 - missing functions: none
symbol engine: initialized successfully - sym options: 0x614 - pdb path: .;C:\Program Files\Eclipse Adoptium\jdk-17.0.14.7-hotspot\bin;C:\WINDOWS\SYSTEM32;C:\WINDOWS\WinSxS\amd64_microsoft.windows.common-controls_6595b64144ccf1df_6.0.26100.3624_none_3e086962e3345f24;C:\Program Files\Eclipse Adoptium\jdk-17.0.14.7-hotspot\bin\server;C:\Users\User\.gradle\native\c067742578af261105cb4f569cf0c3c89f3d7b1fecec35dd04571415982c5e48\windows-amd64;C:\Users\User\.gradle\native\38dada09dfb8b06ba9b0570ebf7e218e3eb74d4ef43ca46872605cf95ebc2f47\windows-amd64;C:\Users\User\AppData\Local\Temp\native-platform16419912007091452803dir

VM Arguments:
jvm_args: -XX:MaxMetaspaceSize=2G -XX:+HeapDumpOnOutOfMemoryError --add-opens=java.base/java.util=ALL-UNNAMED --add-opens=java.base/java.lang=ALL-UNNAMED --add-opens=java.base/java.lang.invoke=ALL-UNNAMED --add-opens=java.prefs/java.util.prefs=ALL-UNNAMED --add-opens=java.base/java.nio.charset=ALL-UNNAMED --add-opens=java.base/java.net=ALL-UNNAMED --add-opens=java.base/java.util.concurrent.atomic=ALL-UNNAMED -Xmx4G -Dfile.encoding=utf8 -Duser.country=ID -Duser.language=en -Duser.variant -javaagent:C:\Users\User\.gradle\wrapper\dists\gradle-8.4-bin\1w5dpkrfk8irigvoxmyhowfim\gradle-8.4\lib\agents\gradle-instrumentation-agent-8.4.jar 
java_command: org.gradle.launcher.daemon.bootstrap.GradleDaemon 8.4
java_class_path (initial): C:\Users\User\.gradle\wrapper\dists\gradle-8.4-bin\1w5dpkrfk8irigvoxmyhowfim\gradle-8.4\lib\gradle-launcher-8.4.jar
Launcher Type: SUN_STANDARD

[Global flags]
     intx CICompilerCount                          = 4                                         {product} {ergonomic}
     uint ConcGCThreads                            = 2                                         {product} {ergonomic}
     uint G1ConcRefinementThreads                  = 8                                         {product} {ergonomic}
   size_t G1HeapRegionSize                         = 2097152                                   {product} {ergonomic}
    uintx GCDrainStackTargetSize                   = 64                                        {product} {ergonomic}
     bool HeapDumpOnOutOfMemoryError               = true                                   {manageable} {command line}
   size_t InitialHeapSize                          = 132120576                                 {product} {ergonomic}
   size_t MarkStackSize                            = 4194304                                   {product} {ergonomic}
   size_t MaxHeapSize                              = 4294967296                                {product} {command line}
   size_t MaxMetaspaceSize                         = 2147483648                                {product} {command line}
   size_t MaxNewSize                               = 2575302656                                {product} {ergonomic}
   size_t MinHeapDeltaBytes                        = 2097152                                   {product} {ergonomic}
   size_t MinHeapSize                              = 8388608                                   {product} {ergonomic}
    uintx NonNMethodCodeHeapSize                   = 5839372                                {pd product} {ergonomic}
    uintx NonProfiledCodeHeapSize                  = 122909434                              {pd product} {ergonomic}
    uintx ProfiledCodeHeapSize                     = 122909434                              {pd product} {ergonomic}
    uintx ReservedCodeCacheSize                    = 251658240                              {pd product} {ergonomic}
     bool SegmentedCodeCache                       = true                                      {product} {ergonomic}
   size_t SoftMaxHeapSize                          = 4294967296                             {manageable} {ergonomic}
     bool UseCompressedClassPointers               = true                           {product lp64_product} {ergonomic}
     bool UseCompressedOops                        = true                           {product lp64_product} {ergonomic}
     bool UseG1GC                                  = true                                      {product} {ergonomic}
     bool UseLargePagesIndividualAllocation        = false                                  {pd product} {ergonomic}

Logging:
Log output configuration:
 #0: stdout all=warning uptime,level,tags
 #1: stderr all=off uptime,level,tags

Environment Variables:
PATH=C:\Program Files\Eclipse Adoptium\jdk-17.0.14.7-hotspot\bin;C:\Program Files\Python313\Scripts\;C:\Program Files\Python313\;C:\Program Files (x86)\VMware\VMware Workstation\bin\;C:\Program Files\Common Files\Oracle\Java\javapath;C:\WINDOWS\system32;C:\WINDOWS;C:\WINDOWS\System32\Wbem;C:\WINDOWS\System32\WindowsPowerShell\v1.0\;C:\WINDOWS\System32\OpenSSH\;C:\Users\User\AppData\Roaming\nvm;C:\Program Files\nodejs;C:\ProgramData\chocolatey\bin;C:\xampp\php;C:\ProgramData\ComposerSetup\bin;C:\Program Files\Azure Data Studio\bin;C:\Program Files (x86)\Microsoft SQL Server\160\Tools\Binn\;C:\Program Files\Microsoft SQL Server\160\Tools\Binn\;C:\Program Files\Microsoft SQL Server\Client SDK\ODBC\170\Tools\Binn\;C:\Program Files\Microsoft SQL Server\160\DTS\Binn\;C:\Program Files (x86)\Microsoft SQL Server\160\DTS\Binn\;C:\chromedriver_win32;C:\Users\User\protoc-25.3-win64\bin;C:\Program Files\Docker\Docker\resources\bin;C:\Program Files\nodejs\;C:\Program Files\MongoDB\Server\8.0\bin;C:\Program Files\Git\cmd;C:\Program Files\dotnet\;C:\Users\User\AppData\Local\Android\Sdk\platform-tools;C:\Users\User\AppData\Roaming\nvm;C:\Program Files\nodejs;C:\Users\User\AppData\Local\Programs\Microsoft VS Code\bin;C:\Users\User\AppData\Roaming\Composer\vendor\bin;C:\Program Files\Azure Data Studio\bin;C:\src\flutter\bin;C:\Program Files\heroku\bin;C:\Users\User\AppData\Roaming\Python\Python311\Scripts;C:\Program Files\ngrok-v3-stable-windows-amd64\ngrok;C:\Users\User\AppData\Roaming\npm;C:\Users\User\AppData\Local\Programs\Python\Python313;C:\Program Files\flutter\bin;C:\Users\User\.dotnet\tools
USERNAME=User
OS=Windows_NT
PROCESSOR_IDENTIFIER=Intel64 Family 6 Model 142 Stepping 12, GenuineIntel
TMP=C:\Users\User\AppData\Local\Temp
TEMP=C:\Users\User\AppData\Local\Temp



Periodic native trim disabled


---------------  S Y S T E M  ---------------

OS:
 Windows 11 , 64 bit Build 26100 (10.0.26100.3624)
OS uptime: 11 days 10:33 hours
Hyper-V role detected

CPU: total 8 (initial active 8) (4 cores per cpu, 2 threads per core) family 6 model 142 stepping 12 microcode 0xde, cx8, cmov, fxsr, ht, mmx, 3dnowpref, sse, sse2, sse3, ssse3, sse4.1, sse4.2, popcnt, lzcnt, tsc, tscinvbit, avx, avx2, aes, erms, clmul, bmi1, bmi2, adx, fma, vzeroupper, clflush, clflushopt, hv
Processor Information for all 8 processors :
  Max Mhz: 1800, Current Mhz: 1600, Mhz Limit: 1584

Memory: 4k page, system-wide physical 7998M (482M free)
TotalPageFile size 32574M (AvailPageFile size 1M)
current process WorkingSet (physical memory assigned to process): 447M, peak: 447M
current process commit charge ("private bytes"): 660M, peak: 660M

vm_info: OpenJDK 64-Bit Server VM (17.0.14+7) for windows-amd64 JRE (17.0.14+7), built on Jan 21 2025 23:40:15 by "admin" with MS VC++ 17.7 (VS2022)

END.
